
◆  Rendering 03-postgres → /Users/bliss/fixter2025/docs/eve-tutorial/cards/03-postgres/renders/03-postgres_2026-09-17_10-18-20.mp4
   30fps · standard · auto workers (10 cores detected)
   GPU: browser GPU (auto-detect)

[?25l│
◇  Browser: cache
[?25h[INFO] [Render] Pipeline started {"renderJobId":"7ac79539-483d-4a0a-bd80-401e0a07cb22","platform":"darwin","arch":"arm64","nodeVersion":"v22.16.0","fps":{"num":30,"den":1},"format":"mp4","quality":"standard","browserGpuMode":"auto","forceScreenshot":false,"protocolTimeout":300000,"browserTimeout":120000,"pageNavigationTimeout":60000,"playerReadyTimeout":45000}
[INFO] [Render:trace] {"renderJobId":"7ac79539-483d-4a0a-bd80-401e0a07cb22","phase":"pipeline","status":"checkpoint","elapsedMs":1,"message":"started","format":"mp4","quality":"standard","browserGpuMode":"auto","forceScreenshot":false,"protocolTimeoutMs":300000,"pageNavigationTimeoutMs":60000,"playerReadyTimeoutMs":45000,"requestedWorkers":"auto"}
[INFO] [Render:trace] {"renderJobId":"7ac79539-483d-4a0a-bd80-401e0a07cb22","phase":"compile","status":"start","elapsedMs":2,"needsAlpha":false}
  █░░░░░░░░░░░░░░░░░░░░░░░░  5%  Compiling composition
[INFO] [Compiler] Fetched 11 font face(s) for "Inter" from Google Fonts (cached to /Users/bliss/.cache/hyperframes/fonts/inter)
[INFO] [Compiler] Fetched 10 font face(s) for "JetBrains Mono" from Google Fonts (cached to /Users/bliss/.cache/hyperframes/fonts/jetbrains-mono)
[INFO] [Compiler] Injected deterministic @font-face rules for 2 requested font families
[INFO] [Compiler] Inlined CDN script: https://cdn.jsdelivr.net/npm/gsap@3.14.2/dist/gsap.min.js
[INFO] [Render] Fast capture: composition uses a CSS 3D rendering context (perspective / preserve-3d / backface-visibility) — disabling drawElementImage for this render. Capture uses the platform's baseline route. {"renderJobId":"7ac79539-483d-4a0a-bd80-401e0a07cb22"}
[INFO] Compiled composition metadata {"renderJobId":"7ac79539-483d-4a0a-bd80-401e0a07cb22","entryFile":"index.html","staticDuration":14,"width":1920,"height":1080,"videoCount":0,"audioCount":0,"renderModeHints":{"recommendScreenshot":false,"reasons":[]}}
[INFO] [Render:trace] {"renderJobId":"7ac79539-483d-4a0a-bd80-401e0a07cb22","phase":"compile","status":"end","elapsedMs":1052,"durationMs":1050,"needsAlpha":false}
[INFO] [Render:trace] {"renderJobId":"7ac79539-483d-4a0a-bd80-401e0a07cb22","phase":"compile","status":"checkpoint","elapsedMs":1052,"message":"composition metadata resolved","width":1920,"height":1080,"videoCount":0,"audioCount":0,"imageCount":0,"deviceScaleFactor":1,"forceScreenshot":false,"compositionHash":"04a98ce0c75eccfc"}
[INFO] [Render:trace] {"renderJobId":"7ac79539-483d-4a0a-bd80-401e0a07cb22","phase":"browser_probe","status":"start","elapsedMs":1052,"forceScreenshot":false,"stagePhase":"calibrating"}
[INFO] [Render:trace] {"renderJobId":"7ac79539-483d-4a0a-bd80-401e0a07cb22","phase":"browser_probe","status":"end","elapsedMs":1056,"durationMs":3,"forceScreenshot":false,"stagePhase":"calibrating"}
[INFO] [Render:trace] {"renderJobId":"7ac79539-483d-4a0a-bd80-401e0a07cb22","phase":"browser_probe","status":"checkpoint","elapsedMs":1057,"message":"duration resolved","durationSeconds":14,"totalFrames":420,"compositionHash":"04a98ce0c75eccfc","beginFrameStalled":false}
[INFO] [Render:trace] {"renderJobId":"7ac79539-483d-4a0a-bd80-401e0a07cb22","phase":"video_extract","status":"start","elapsedMs":1057,"videoCount":0}
  ██░░░░░░░░░░░░░░░░░░░░░░░  10%  Extracting video frames
[INFO] [Render:trace] {"renderJobId":"7ac79539-483d-4a0a-bd80-401e0a07cb22","phase":"video_extract","status":"end","elapsedMs":1057,"durationMs":0,"videoCount":0}
[INFO] [Render:trace] {"renderJobId":"7ac79539-483d-4a0a-bd80-401e0a07cb22","phase":"video_extract","status":"checkpoint","elapsedMs":1059,"message":"frames resolved","videoCount":0,"extractedVideoCount":0,"totalFramesExtracted":0,"maxFramesPerVideo":0,"avgFramesPerExtractedVideo":null,"vfrPreflightCount":null,"vfrPreflightMs":null,"cacheHits":null,"cacheMisses":null,"transientRetries":null,"minVideoFrameCoverageRatio":null,"authoredTimedClipCount":2}
[INFO] [Render] No HDR sources detected — rendering SDR {"renderJobId":"7ac79539-483d-4a0a-bd80-401e0a07cb22"}
[INFO] [Render:trace] {"renderJobId":"7ac79539-483d-4a0a-bd80-401e0a07cb22","phase":"hdr_detection","status":"checkpoint","elapsedMs":1059,"message":"resolved","requestedHdrMode":"auto","effectiveHdr":"sdr","nativeHdrVideoCount":0,"nativeHdrImageCount":0}
[INFO] [Render:trace] {"renderJobId":"7ac79539-483d-4a0a-bd80-401e0a07cb22","phase":"audio_process","status":"start","elapsedMs":1059,"audioCount":0}
[INFO] [Render:trace] {"renderJobId":"7ac79539-483d-4a0a-bd80-401e0a07cb22","phase":"audio_process","status":"end","elapsedMs":1059,"durationMs":0,"audioCount":0}
  █████░░░░░░░░░░░░░░░░░░░░  20%  Processing audio tracks
[INFO] [Render:trace] {"renderJobId":"7ac79539-483d-4a0a-bd80-401e0a07cb22","phase":"file_server","status":"start","elapsedMs":1059,"reused":false}
  ██████░░░░░░░░░░░░░░░░░░░  25%  Starting frame capture
[INFO] [Render:trace] {"renderJobId":"7ac79539-483d-4a0a-bd80-401e0a07cb22","phase":"file_server","status":"end","elapsedMs":1062,"durationMs":3}
[hyperframes] browserGpuMode probe → hardware (WebGL renderer vendor="Google Inc. (Apple)" renderer="ANGLE (Apple, ANGLE Metal Renderer: Apple M4, Unspecified Version)")
[INFO] [Render:trace] {"renderJobId":"7ac79539-483d-4a0a-bd80-401e0a07cb22","phase":"capture_calibration","status":"start","elapsedMs":1194,"stagePhase":"calibrating","forceScreenshot":false,"totalFrames":420,"framesCompleted":0,"captureMode":"beginframe","captureOperation":"beginFrame"}
[INFO] [Render] Calibration config {"renderJobId":"7ac79539-483d-4a0a-bd80-401e0a07cb22","protocolTimeout":30000,"parentProtocolTimeout":300000,"forceScreenshot":false,"totalFrames":420}
[INFO] Launching browser for capture calibration... {"renderJobId":"7ac79539-483d-4a0a-bd80-401e0a07cb22"}
[BrowserManager] Browser launched (HeadlessChrome/152.0.7977.30, screenshot, gl=--use-gl=angle --use-angle=metal, headlessShell=true, platform=darwin)
[INFO] Initializing calibration session... {"renderJobId":"7ac79539-483d-4a0a-bd80-401e0a07cb22"}
[initSession:screenshot] page.goto start (0ms)
[HyperFrames] render runtime fps [object Object]
[initSession:screenshot] page.goto complete (79ms)
[initSession:screenshot] GSAP proxy flush complete (188ms)
[initSession:screenshot] pollHfReady complete (188ms)
[initSession:screenshot] pollSubCompositionTimelines complete (ready) (189ms)
[initSession:screenshot] applyVideoMetadataHints complete (189ms)
[initSession:screenshot] media + fonts + tailwind ready (191ms)
[initSession:screenshot] static-frame dedup: disabled (running CSS/WAAPI animation) (194ms)
[INFO] Calibration session ready, capturing test frames... {"renderJobId":"7ac79539-483d-4a0a-bd80-401e0a07cb22"}
[INFO] Calibration: capturing test frame 1/5... {"renderJobId":"7ac79539-483d-4a0a-bd80-401e0a07cb22"}
[INFO] Calibration: capturing test frame 2/5... {"renderJobId":"7ac79539-483d-4a0a-bd80-401e0a07cb22"}
[INFO] Calibration: capturing test frame 3/5... {"renderJobId":"7ac79539-483d-4a0a-bd80-401e0a07cb22"}
[INFO] Calibration: capturing test frame 4/5... {"renderJobId":"7ac79539-483d-4a0a-bd80-401e0a07cb22"}
[INFO] Calibration: capturing test frame 5/5... {"renderJobId":"7ac79539-483d-4a0a-bd80-401e0a07cb22"}
[INFO] Calibration complete, estimated cost: 50ms/frame (p95) {"renderJobId":"7ac79539-483d-4a0a-bd80-401e0a07cb22"}
[INFO] [Render:trace] {"renderJobId":"7ac79539-483d-4a0a-bd80-401e0a07cb22","phase":"capture_calibration","status":"end","elapsedMs":1761,"durationMs":567,"stagePhase":"calibrating","forceScreenshot":false,"totalFrames":420,"framesCompleted":0,"captureMode":"beginframe","captureOperation":"beginFrame"}
[INFO] [Render:trace] {"renderJobId":"7ac79539-483d-4a0a-bd80-401e0a07cb22","phase":"capture_calibration","status":"checkpoint","elapsedMs":1762,"message":"resolved","forceScreenshot":false,"multiplier":1,"p95Ms":50}
[INFO] [Render:trace] {"renderJobId":"7ac79539-483d-4a0a-bd80-401e0a07cb22","phase":"worker_resolution","status":"checkpoint","elapsedMs":1762,"message":"resolved","workerCount":4}
[INFO] streaming-encode gate {"renderJobId":"7ac79539-483d-4a0a-bd80-401e0a07cb22","enabled":false,"configFlag":true,"outputFormat":"mp4","workerCount":4,"durationSeconds":14,"maxDurationSeconds":240}
[INFO] [Render:trace] {"renderJobId":"7ac79539-483d-4a0a-bd80-401e0a07cb22","phase":"capture_strategy","status":"checkpoint","elapsedMs":1762,"message":"resolved","workerCount":4,"forceScreenshot":false,"captureBeyondViewport":null,"useStreamingEncode":false,"useLayeredComposite":false,"usePageSideCompositing":false,"hasHdrContent":false,"hasShaderTransitions":false,"isPngSequence":false}
[INFO] [Render:trace] {"renderJobId":"7ac79539-483d-4a0a-bd80-401e0a07cb22","phase":"capture_disk","status":"start","elapsedMs":1762,"stagePhase":"capturing","needsAlpha":false,"workerCount":4,"forceScreenshot":false,"totalFrames":420,"framesCompleted":0,"captureMode":"beginframe","captureOperation":"beginFrame"}
[BrowserManager] Browser launched (HeadlessChrome/152.0.7977.30, screenshot, gl=--use-gl=angle --use-angle=metal, headlessShell=true, platform=darwin)
[initSession:screenshot] page.goto start (0ms)
[initSession:screenshot] page.goto start (0ms)
[initSession:screenshot] page.goto start (0ms)
[initSession:screenshot] page.goto start (0ms)
[HyperFrames] render runtime fps [object Object]
[HyperFrames] render runtime fps [object Object]
[HyperFrames] render runtime fps [object Object]
[initSession:screenshot] page.goto complete (206ms)
[initSession:screenshot] page.goto complete (206ms)
[initSession:screenshot] page.goto complete (207ms)
[HyperFrames] render runtime fps [object Object]
[initSession:screenshot] GSAP proxy flush complete (210ms)
[initSession:screenshot] GSAP proxy flush complete (210ms)
[initSession:screenshot] GSAP proxy flush complete (210ms)
[initSession:screenshot] pollHfReady complete (212ms)
[initSession:screenshot] pollHfReady complete (212ms)
[initSession:screenshot] pollHfReady complete (212ms)
[initSession:screenshot] pollSubCompositionTimelines complete (ready) (213ms)
[initSession:screenshot] applyVideoMetadataHints complete (213ms)
[initSession:screenshot] pollSubCompositionTimelines complete (ready) (214ms)
[initSession:screenshot] applyVideoMetadataHints complete (214ms)
[initSession:screenshot] pollSubCompositionTimelines complete (ready) (214ms)
[initSession:screenshot] applyVideoMetadataHints complete (214ms)
[initSession:screenshot] media + fonts + tailwind ready (215ms)
[initSession:screenshot] media + fonts + tailwind ready (215ms)
[initSession:screenshot] media + fonts + tailwind ready (215ms)
[initSession:screenshot] static-frame dedup: disabled (running CSS/WAAPI animation) (218ms)
[initSession:screenshot] static-frame dedup: disabled (running CSS/WAAPI animation) (218ms)
[initSession:screenshot] static-frame dedup: disabled (running CSS/WAAPI animation) (218ms)
[initSession:screenshot] page.goto complete (226ms)
[initSession:screenshot] GSAP proxy flush complete (231ms)
[initSession:screenshot] pollHfReady complete (232ms)
[initSession:screenshot] pollSubCompositionTimelines complete (ready) (232ms)
[initSession:screenshot] applyVideoMetadataHints complete (232ms)
[initSession:screenshot] media + fonts + tailwind ready (233ms)
[initSession:screenshot] static-frame dedup: disabled (running CSS/WAAPI animation) (235ms)
  ███████░░░░░░░░░░░░░░░░░░  28%  Capturing frame 30/420 (4 workers)
  ███████░░░░░░░░░░░░░░░░░░  31%  Capturing frame 60/420 (4 workers)
  ████████░░░░░░░░░░░░░░░░░  35%  Capturing frame 90/420 (4 workers)
  █████████░░░░░░░░░░░░░░░░  38%  Capturing frame 120/420 (4 workers)
  ██████████░░░░░░░░░░░░░░░  41%  Capturing frame 150/420 (4 workers)
  ███████████░░░░░░░░░░░░░░  44%  Capturing frame 180/420 (4 workers)
  ████████████░░░░░░░░░░░░░  48%  Capturing frame 210/420 (4 workers)
  ████████████░░░░░░░░░░░░░  51%  Capturing frame 240/420 (4 workers)
  █████████████░░░░░░░░░░░░  54%  Capturing frame 270/420 (4 workers)
  ██████████████░░░░░░░░░░░  57%  Capturing frame 300/420 (4 workers)
  ███████████████░░░░░░░░░░  60%  Capturing frame 330/420 (4 workers)
  ████████████████░░░░░░░░░  64%  Capturing frame 360/420 (4 workers)
  ████████████████░░░░░░░░░  67%  Capturing frame 390/420 (4 workers)
  █████████████████░░░░░░░░  70%  Capturing frame 420/420 (4 workers)
[INFO] [Render:trace] {"renderJobId":"7ac79539-483d-4a0a-bd80-401e0a07cb22","phase":"capture_disk","status":"end","elapsedMs":7129,"durationMs":5367,"stagePhase":"capturing","needsAlpha":false,"workerCount":4,"forceScreenshot":false,"totalFrames":420,"framesCompleted":420,"captureMode":"beginframe","captureOperation":"encode"}
[INFO] [Render:trace] {"renderJobId":"7ac79539-483d-4a0a-bd80-401e0a07cb22","phase":"encode","status":"start","elapsedMs":7130,"stagePhase":"capturing","hasAudio":false,"isPngSequence":false,"isGif":false,"chunkedEncode":false,"workerCount":4,"forceScreenshot":false,"totalFrames":420,"framesCompleted":420,"captureMode":"beginframe","captureOperation":"encode"}
  ██████████████████░░░░░░░  75%  Encoding video
[INFO] [Render:trace] {"renderJobId":"7ac79539-483d-4a0a-bd80-401e0a07cb22","phase":"encode","status":"end","elapsedMs":9294,"durationMs":2164,"stagePhase":"capturing","hasAudio":false,"isPngSequence":false,"isGif":false,"chunkedEncode":false,"workerCount":4,"forceScreenshot":false,"totalFrames":420,"framesCompleted":420,"captureMode":"beginframe","captureOperation":"encode"}
[INFO] [Render:trace] {"renderJobId":"7ac79539-483d-4a0a-bd80-401e0a07cb22","phase":"assemble","status":"start","elapsedMs":9294,"stagePhase":"capturing","hasAudio":false,"workerCount":4,"forceScreenshot":false,"totalFrames":420,"framesCompleted":420,"captureMode":"beginframe","captureOperation":"encode"}
  ██████████████████████░░░  90%  Assembling final video
[INFO] [Render:trace] {"renderJobId":"7ac79539-483d-4a0a-bd80-401e0a07cb22","phase":"assemble","status":"end","elapsedMs":9341,"durationMs":47,"stagePhase":"capturing","hasAudio":false,"workerCount":4,"forceScreenshot":false,"totalFrames":420,"framesCompleted":420,"captureMode":"beginframe","captureOperation":"encode"}
[INFO] [Render:trace] {"renderJobId":"7ac79539-483d-4a0a-bd80-401e0a07cb22","phase":"pipeline","status":"checkpoint","elapsedMs":9386,"message":"artifact validated","totalElapsedMs":9385}
  █████████████████████████  100%  Render complete

◇  /Users/bliss/fixter2025/docs/eve-tutorial/cards/03-postgres/renders/03-postgres_2026-09-17_10-18-20.mp4
   520.5 KB · 14.0s video · rendered in 9.4s
