
◆  Rendering ch1 → /Users/bliss/fixter2025/docs/eve-tutorial/long/ch1/renders/ch1_2026-09-17_11-12-27.mp4
   30fps · standard · auto workers (10 cores detected)
   GPU: browser GPU (auto-detect)

[?25l│
◇  Browser: cache
[?25h
  ⚠ studio_missing_editable_id: <div class="cap" data-start="0.80"> has no id, so Studio cannot use a stable edit target for its timeline and canvas controls.
    Fix: Add a stable, human-readable id such as id="hero-title" or id="scene-1-card" to every timeline-visible element you want agents or Studio to edit.
  ⚠ studio_missing_editable_id: <div class="cap" data-start="4.90"> has no id, so Studio cannot use a stable edit target for its timeline and canvas controls.
    Fix: Add a stable, human-readable id such as id="hero-title" or id="scene-1-card" to every timeline-visible element you want agents or Studio to edit.
  ⚠ studio_missing_editable_id: <div class="cap" data-start="8.05"> has no id, so Studio cannot use a stable edit target for its timeline and canvas controls.
    Fix: Add a stable, human-readable id such as id="hero-title" or id="scene-1-card" to every timeline-visible element you want agents or Studio to edit.
  ⚠ studio_missing_editable_id: <div class="cap" data-start="11.03"> has no id, so Studio cannot use a stable edit target for its timeline and canvas controls.
    Fix: Add a stable, human-readable id such as id="hero-title" or id="scene-1-card" to every timeline-visible element you want agents or Studio to edit.
  ⚠ studio_missing_editable_id: <div class="cap" data-start="14.42"> has no id, so Studio cannot use a stable edit target for its timeline and canvas controls.
    Fix: Add a stable, human-readable id such as id="hero-title" or id="scene-1-card" to every timeline-visible element you want agents or Studio to edit.
  ⚠ studio_missing_editable_id: <div class="cap" data-start="17.75"> has no id, so Studio cannot use a stable edit target for its timeline and canvas controls.
    Fix: Add a stable, human-readable id such as id="hero-title" or id="scene-1-card" to every timeline-visible element you want agents or Studio to edit.
  ⚠ studio_missing_editable_id: <div class="cap" data-start="20.87"> has no id, so Studio cannot use a stable edit target for its timeline and canvas controls.
    Fix: Add a stable, human-readable id such as id="hero-title" or id="scene-1-card" to every timeline-visible element you want agents or Studio to edit.
  ⚠ studio_missing_editable_id: <div class="cap" data-start="24.69"> has no id, so Studio cannot use a stable edit target for its timeline and canvas controls.
    Fix: Add a stable, human-readable id such as id="hero-title" or id="scene-1-card" to every timeline-visible element you want agents or Studio to edit.
  ⚠ studio_missing_editable_id: <div class="cap" data-start="29.30"> has no id, so Studio cannot use a stable edit target for its timeline and canvas controls.
    Fix: Add a stable, human-readable id such as id="hero-title" or id="scene-1-card" to every timeline-visible element you want agents or Studio to edit.
  ⚠ studio_missing_editable_id: <div class="cap" data-start="32.17"> has no id, so Studio cannot use a stable edit target for its timeline and canvas controls.
    Fix: Add a stable, human-readable id such as id="hero-title" or id="scene-1-card" to every timeline-visible element you want agents or Studio to edit.
  ⚠ studio_missing_editable_id: <div class="cap" data-start="35.17"> has no id, so Studio cannot use a stable edit target for its timeline and canvas controls.
    Fix: Add a stable, human-readable id such as id="hero-title" or id="scene-1-card" to every timeline-visible element you want agents or Studio to edit.
  ⚠ studio_missing_editable_id: <div class="cap" data-start="36.64"> has no id, so Studio cannot use a stable edit target for its timeline and canvas controls.
    Fix: Add a stable, human-readable id such as id="hero-title" or id="scene-1-card" to every timeline-visible element you want agents or Studio to edit.
  ⚠ studio_missing_editable_id: <div class="cap" data-start="39.73"> has no id, so Studio cannot use a stable edit target for its timeline and canvas controls.
    Fix: Add a stable, human-readable id such as id="hero-title" or id="scene-1-card" to every timeline-visible element you want agents or Studio to edit.
  ⚠ studio_missing_editable_id: <div class="cap" data-start="44.17"> has no id, so Studio cannot use a stable edit target for its timeline and canvas controls.
    Fix: Add a stable, human-readable id such as id="hero-title" or id="scene-1-card" to every timeline-visible element you want agents or Studio to edit.
  ⚠ studio_missing_editable_id: <div class="cap" data-start="45.98"> has no id, so Studio cannot use a stable edit target for its timeline and canvas controls.
    Fix: Add a stable, human-readable id such as id="hero-title" or id="scene-1-card" to every timeline-visible element you want agents or Studio to edit.
  ⚠ studio_missing_editable_id: <div class="cap" data-start="48.25"> has no id, so Studio cannot use a stable edit target for its timeline and canvas controls.
    Fix: Add a stable, human-readable id such as id="hero-title" or id="scene-1-card" to every timeline-visible element you want agents or Studio to edit.
  ⚠ studio_missing_editable_id: <div class="cap" data-start="51.39"> has no id, so Studio cannot use a stable edit target for its timeline and canvas controls.
    Fix: Add a stable, human-readable id such as id="hero-title" or id="scene-1-card" to every timeline-visible element you want agents or Studio to edit.
  ⚠ studio_missing_editable_id: <div class="cap" data-start="54.80"> has no id, so Studio cannot use a stable edit target for its timeline and canvas controls.
    Fix: Add a stable, human-readable id such as id="hero-title" or id="scene-1-card" to every timeline-visible element you want agents or Studio to edit.
  ⚠ studio_missing_editable_id: <div class="cap" data-start="58.79"> has no id, so Studio cannot use a stable edit target for its timeline and canvas controls.
    Fix: Add a stable, human-readable id such as id="hero-title" or id="scene-1-card" to every timeline-visible element you want agents or Studio to edit.
  ⚠ studio_missing_editable_id: <div class="cap" data-start="61.61"> has no id, so Studio cannot use a stable edit target for its timeline and canvas controls.
    Fix: Add a stable, human-readable id such as id="hero-title" or id="scene-1-card" to every timeline-visible element you want agents or Studio to edit.
  ⚠ studio_missing_editable_id: <div class="cap" data-start="63.45"> has no id, so Studio cannot use a stable edit target for its timeline and canvas controls.
    Fix: Add a stable, human-readable id such as id="hero-title" or id="scene-1-card" to every timeline-visible element you want agents or Studio to edit.
  ⚠ studio_missing_editable_id: <div class="cap" data-start="66.82"> has no id, so Studio cannot use a stable edit target for its timeline and canvas controls.
    Fix: Add a stable, human-readable id such as id="hero-title" or id="scene-1-card" to every timeline-visible element you want agents or Studio to edit.
  ⚠ studio_missing_editable_id: <div class="cap" data-start="70.37"> has no id, so Studio cannot use a stable edit target for its timeline and canvas controls.
    Fix: Add a stable, human-readable id such as id="hero-title" or id="scene-1-card" to every timeline-visible element you want agents or Studio to edit.
  ⚠ duplicate_media_discovery_risk: Detected 4 matching img entries with the same source/start/duration.
    Fix: Avoid duplicated media nodes that can be discovered twice during compilation.
  Continuing render despite lint issues. Use --strict to block errors.

[INFO] [Render] Pipeline started {"renderJobId":"d10016fe-aaba-41ac-9d9b-b137d0a61632","platform":"darwin","arch":"arm64","nodeVersion":"v24.21.0","fps":{"num":30,"den":1},"format":"mp4","quality":"standard","browserGpuMode":"auto","forceScreenshot":false,"protocolTimeout":300000,"browserTimeout":120000,"pageNavigationTimeout":60000,"playerReadyTimeout":45000}
[INFO] [Render:trace] {"renderJobId":"d10016fe-aaba-41ac-9d9b-b137d0a61632","phase":"pipeline","status":"checkpoint","elapsedMs":1,"message":"started","format":"mp4","quality":"standard","browserGpuMode":"auto","forceScreenshot":false,"protocolTimeoutMs":300000,"pageNavigationTimeoutMs":60000,"playerReadyTimeoutMs":45000,"requestedWorkers":"auto"}
[INFO] [Render:trace] {"renderJobId":"d10016fe-aaba-41ac-9d9b-b137d0a61632","phase":"compile","status":"start","elapsedMs":2,"needsAlpha":false}
  █░░░░░░░░░░░░░░░░░░░░░░░░  5%  Compiling composition
[INFO] [Compiler] Fetched 4 font face(s) for "Space Mono" from Google Fonts (cached to /Users/bliss/.cache/hyperframes/fonts/space-mono)
[INFO] [Compiler] Fetched 9 font face(s) for "Big Shoulders Display" from Google Fonts (cached to /Users/bliss/.cache/hyperframes/fonts/big-shoulders-display)
[INFO] [Compiler] Injected deterministic @font-face rules for 2 requested font families
[INFO] [Compiler] Inlined CDN script: https://cdn.jsdelivr.net/npm/gsap@3.14.2/dist/gsap.min.js
[INFO] [Compiler] Inlined CDN script: https://cdn.jsdelivr.net/npm/gsap@3.14.2/dist/TextPlugin.min.js
[INFO] [Render] Fast capture: composition uses a CSS 3D rendering context (perspective / preserve-3d / backface-visibility) — disabling drawElementImage for this render. Capture uses the platform's baseline route. {"renderJobId":"d10016fe-aaba-41ac-9d9b-b137d0a61632"}
[INFO] Compiled composition metadata {"renderJobId":"d10016fe-aaba-41ac-9d9b-b137d0a61632","entryFile":"index.html","staticDuration":74.53,"width":1920,"height":1080,"videoCount":0,"audioCount":0,"renderModeHints":{"recommendScreenshot":false,"reasons":[]}}
[INFO] [Render:trace] {"renderJobId":"d10016fe-aaba-41ac-9d9b-b137d0a61632","phase":"compile","status":"end","elapsedMs":974,"durationMs":972,"needsAlpha":false}
[INFO] [Render:trace] {"renderJobId":"d10016fe-aaba-41ac-9d9b-b137d0a61632","phase":"compile","status":"checkpoint","elapsedMs":974,"message":"composition metadata resolved","width":1920,"height":1080,"videoCount":0,"audioCount":0,"imageCount":5,"deviceScaleFactor":1,"forceScreenshot":false,"compositionHash":"900c6a3e06afe497"}
[INFO] [Render:trace] {"renderJobId":"d10016fe-aaba-41ac-9d9b-b137d0a61632","phase":"browser_probe","status":"start","elapsedMs":974,"forceScreenshot":false,"stagePhase":"calibrating"}
[INFO] [Render:trace] {"renderJobId":"d10016fe-aaba-41ac-9d9b-b137d0a61632","phase":"browser_probe","status":"end","elapsedMs":979,"durationMs":5,"forceScreenshot":false,"stagePhase":"calibrating"}
[INFO] [Render:trace] {"renderJobId":"d10016fe-aaba-41ac-9d9b-b137d0a61632","phase":"browser_probe","status":"checkpoint","elapsedMs":980,"message":"duration resolved","durationSeconds":74.53,"totalFrames":2236,"compositionHash":"900c6a3e06afe497","beginFrameStalled":false}
[INFO] [Render:trace] {"renderJobId":"d10016fe-aaba-41ac-9d9b-b137d0a61632","phase":"video_extract","status":"start","elapsedMs":980,"videoCount":0}
  ██░░░░░░░░░░░░░░░░░░░░░░░  10%  Extracting video frames
[INFO] [Render:trace] {"renderJobId":"d10016fe-aaba-41ac-9d9b-b137d0a61632","phase":"video_extract","status":"end","elapsedMs":981,"durationMs":1,"videoCount":0}
[INFO] [Render:trace] {"renderJobId":"d10016fe-aaba-41ac-9d9b-b137d0a61632","phase":"video_extract","status":"checkpoint","elapsedMs":982,"message":"frames resolved","videoCount":0,"extractedVideoCount":0,"totalFramesExtracted":0,"maxFramesPerVideo":0,"avgFramesPerExtractedVideo":null,"vfrPreflightCount":null,"vfrPreflightMs":null,"cacheHits":null,"cacheMisses":null,"transientRetries":null,"minVideoFrameCoverageRatio":null,"authoredTimedClipCount":28}
[INFO] [Render] No HDR sources detected — rendering SDR {"renderJobId":"d10016fe-aaba-41ac-9d9b-b137d0a61632"}
[INFO] [Render:trace] {"renderJobId":"d10016fe-aaba-41ac-9d9b-b137d0a61632","phase":"hdr_detection","status":"checkpoint","elapsedMs":983,"message":"resolved","requestedHdrMode":"auto","effectiveHdr":"sdr","nativeHdrVideoCount":0,"nativeHdrImageCount":0}
[INFO] [Render:trace] {"renderJobId":"d10016fe-aaba-41ac-9d9b-b137d0a61632","phase":"audio_process","status":"start","elapsedMs":983,"audioCount":0}
  █████░░░░░░░░░░░░░░░░░░░░  20%  Processing audio tracks
[INFO] [Render:trace] {"renderJobId":"d10016fe-aaba-41ac-9d9b-b137d0a61632","phase":"audio_process","status":"end","elapsedMs":983,"durationMs":0,"audioCount":0}
[INFO] [Render:trace] {"renderJobId":"d10016fe-aaba-41ac-9d9b-b137d0a61632","phase":"file_server","status":"start","elapsedMs":983,"reused":false}
  ██████░░░░░░░░░░░░░░░░░░░  25%  Starting frame capture
[INFO] [Render:trace] {"renderJobId":"d10016fe-aaba-41ac-9d9b-b137d0a61632","phase":"file_server","status":"end","elapsedMs":985,"durationMs":2}
[hyperframes] browserGpuMode probe → hardware (WebGL renderer vendor="Google Inc. (Apple)" renderer="ANGLE (Apple, ANGLE Metal Renderer: Apple M4, Unspecified Version)")
[INFO] [Render:trace] {"renderJobId":"d10016fe-aaba-41ac-9d9b-b137d0a61632","phase":"capture_calibration","status":"start","elapsedMs":1119,"stagePhase":"calibrating","forceScreenshot":false,"totalFrames":2236,"framesCompleted":0,"captureMode":"beginframe","captureOperation":"beginFrame"}
[INFO] [Render] Calibration config {"renderJobId":"d10016fe-aaba-41ac-9d9b-b137d0a61632","protocolTimeout":30000,"parentProtocolTimeout":300000,"forceScreenshot":false,"totalFrames":2236}
[INFO] Launching browser for capture calibration... {"renderJobId":"d10016fe-aaba-41ac-9d9b-b137d0a61632"}
[BrowserManager] Browser launched (HeadlessChrome/152.0.7977.30, screenshot, gl=--use-gl=angle --use-angle=metal, headlessShell=true, platform=darwin)
[INFO] Initializing calibration session... {"renderJobId":"d10016fe-aaba-41ac-9d9b-b137d0a61632"}
[initSession:screenshot] page.goto start (0ms)
[HyperFrames] render runtime fps [object Object]
[initSession:screenshot] page.goto complete (226ms)
[initSession:screenshot] GSAP proxy flush complete (227ms)
[initSession:screenshot] pollHfReady complete (227ms)
[initSession:screenshot] pollSubCompositionTimelines complete (ready) (228ms)
[initSession:screenshot] applyVideoMetadataHints complete (228ms)
[initSession:screenshot] media + fonts + tailwind ready (254ms)
[initSession:screenshot] static-frame dedup: disabled (running CSS/WAAPI animation) (258ms)
[INFO] Calibration session ready, capturing test frames... {"renderJobId":"d10016fe-aaba-41ac-9d9b-b137d0a61632"}
[INFO] Calibration: capturing test frame 1/5... {"renderJobId":"d10016fe-aaba-41ac-9d9b-b137d0a61632"}
[INFO] Calibration: capturing test frame 2/5... {"renderJobId":"d10016fe-aaba-41ac-9d9b-b137d0a61632"}
[INFO] Calibration: capturing test frame 3/5... {"renderJobId":"d10016fe-aaba-41ac-9d9b-b137d0a61632"}
[INFO] Calibration: capturing test frame 4/5... {"renderJobId":"d10016fe-aaba-41ac-9d9b-b137d0a61632"}
[INFO] Calibration: capturing test frame 5/5... {"renderJobId":"d10016fe-aaba-41ac-9d9b-b137d0a61632"}
[INFO] Calibration complete, estimated cost: 51ms/frame (p95) {"renderJobId":"d10016fe-aaba-41ac-9d9b-b137d0a61632"}
[INFO] [Render:trace] {"renderJobId":"d10016fe-aaba-41ac-9d9b-b137d0a61632","phase":"capture_calibration","status":"end","elapsedMs":1745,"durationMs":626,"stagePhase":"calibrating","forceScreenshot":false,"totalFrames":2236,"framesCompleted":0,"captureMode":"beginframe","captureOperation":"beginFrame"}
[INFO] [Render:trace] {"renderJobId":"d10016fe-aaba-41ac-9d9b-b137d0a61632","phase":"capture_calibration","status":"checkpoint","elapsedMs":1745,"message":"resolved","forceScreenshot":false,"multiplier":1,"p95Ms":51}
[INFO] [Render:trace] {"renderJobId":"d10016fe-aaba-41ac-9d9b-b137d0a61632","phase":"worker_resolution","status":"checkpoint","elapsedMs":1746,"message":"resolved","workerCount":4}
[INFO] streaming-encode gate {"renderJobId":"d10016fe-aaba-41ac-9d9b-b137d0a61632","enabled":false,"configFlag":true,"outputFormat":"mp4","workerCount":4,"durationSeconds":74.53,"maxDurationSeconds":240}
[INFO] [Render:trace] {"renderJobId":"d10016fe-aaba-41ac-9d9b-b137d0a61632","phase":"capture_strategy","status":"checkpoint","elapsedMs":1746,"message":"resolved","workerCount":4,"forceScreenshot":false,"captureBeyondViewport":null,"useStreamingEncode":false,"useLayeredComposite":false,"usePageSideCompositing":false,"hasHdrContent":false,"hasShaderTransitions":false,"isPngSequence":false}
[INFO] [Render:trace] {"renderJobId":"d10016fe-aaba-41ac-9d9b-b137d0a61632","phase":"capture_disk","status":"start","elapsedMs":1746,"stagePhase":"capturing","needsAlpha":false,"workerCount":4,"forceScreenshot":false,"totalFrames":2236,"framesCompleted":0,"captureMode":"beginframe","captureOperation":"beginFrame"}
[BrowserManager] Browser launched (HeadlessChrome/152.0.7977.30, screenshot, gl=--use-gl=angle --use-angle=metal, headlessShell=true, platform=darwin)
[initSession:screenshot] page.goto start (0ms)
[initSession:screenshot] page.goto start (0ms)
[initSession:screenshot] page.goto start (0ms)
[initSession:screenshot] page.goto start (0ms)
[HyperFrames] render runtime fps [object Object]
[HyperFrames] render runtime fps [object Object]
[HyperFrames] render runtime fps [object Object]
[HyperFrames] render runtime fps [object Object]
[initSession:screenshot] page.goto complete (225ms)
[initSession:screenshot] page.goto complete (229ms)
[initSession:screenshot] page.goto complete (233ms)
[initSession:screenshot] page.goto complete (234ms)
[initSession:screenshot] GSAP proxy flush complete (235ms)
[initSession:screenshot] GSAP proxy flush complete (234ms)
[initSession:screenshot] GSAP proxy flush complete (236ms)
[initSession:screenshot] GSAP proxy flush complete (237ms)
[initSession:screenshot] pollHfReady complete (237ms)
[initSession:screenshot] pollHfReady complete (235ms)
[initSession:screenshot] pollHfReady complete (237ms)
[initSession:screenshot] pollHfReady complete (238ms)
[initSession:screenshot] pollSubCompositionTimelines complete (ready) (238ms)
[initSession:screenshot] applyVideoMetadataHints complete (238ms)
[initSession:screenshot] pollSubCompositionTimelines complete (ready) (241ms)
[initSession:screenshot] applyVideoMetadataHints complete (241ms)
[initSession:screenshot] pollSubCompositionTimelines complete (ready) (242ms)
[initSession:screenshot] applyVideoMetadataHints complete (242ms)
[initSession:screenshot] pollSubCompositionTimelines complete (ready) (243ms)
[initSession:screenshot] applyVideoMetadataHints complete (243ms)
[initSession:screenshot] media + fonts + tailwind ready (263ms)
[initSession:screenshot] media + fonts + tailwind ready (265ms)
[initSession:screenshot] media + fonts + tailwind ready (265ms)
[initSession:screenshot] media + fonts + tailwind ready (265ms)
[initSession:screenshot] static-frame dedup: disabled (running CSS/WAAPI animation) (270ms)
[initSession:screenshot] static-frame dedup: disabled (running CSS/WAAPI animation) (272ms)
[initSession:screenshot] static-frame dedup: disabled (running CSS/WAAPI animation) (272ms)
[initSession:screenshot] static-frame dedup: disabled (running CSS/WAAPI animation) (273ms)
  ██████░░░░░░░░░░░░░░░░░░░  26%  Capturing frame 30/2236 (4 workers)
  ██████░░░░░░░░░░░░░░░░░░░  26%  Capturing frame 60/2236 (4 workers)
  ██████░░░░░░░░░░░░░░░░░░░  27%  Capturing frame 90/2236 (4 workers)
  ██████░░░░░░░░░░░░░░░░░░░  27%  Capturing frame 120/2236 (4 workers)
  ███████░░░░░░░░░░░░░░░░░░  28%  Capturing frame 150/2236 (4 workers)
  ███████░░░░░░░░░░░░░░░░░░  29%  Capturing frame 180/2236 (4 workers)
  ███████░░░░░░░░░░░░░░░░░░  29%  Capturing frame 210/2236 (4 workers)
  ███████░░░░░░░░░░░░░░░░░░  30%  Capturing frame 240/2236 (4 workers)
  ███████░░░░░░░░░░░░░░░░░░  30%  Capturing frame 270/2236 (4 workers)
  ███████░░░░░░░░░░░░░░░░░░  31%  Capturing frame 300/2236 (4 workers)
  ████████░░░░░░░░░░░░░░░░░  32%  Capturing frame 330/2236 (4 workers)
  ████████░░░░░░░░░░░░░░░░░  32%  Capturing frame 360/2236 (4 workers)
  ████████░░░░░░░░░░░░░░░░░  33%  Capturing frame 390/2236 (4 workers)
  ████████░░░░░░░░░░░░░░░░░  33%  Capturing frame 420/2236 (4 workers)
  ████████░░░░░░░░░░░░░░░░░  34%  Capturing frame 450/2236 (4 workers)
  ████████░░░░░░░░░░░░░░░░░  35%  Capturing frame 480/2236 (4 workers)
  ████████░░░░░░░░░░░░░░░░░  35%  Capturing frame 510/2236 (4 workers)
  █████████░░░░░░░░░░░░░░░░  36%  Capturing frame 540/2236 (4 workers)
  █████████░░░░░░░░░░░░░░░░  36%  Capturing frame 570/2236 (4 workers)
  █████████░░░░░░░░░░░░░░░░  37%  Capturing frame 600/2236 (4 workers)
  █████████░░░░░░░░░░░░░░░░  38%  Capturing frame 630/2236 (4 workers)
  █████████░░░░░░░░░░░░░░░░  38%  Capturing frame 660/2236 (4 workers)
  █████████░░░░░░░░░░░░░░░░  39%  Capturing frame 690/2236 (4 workers)
  █████████░░░░░░░░░░░░░░░░  39%  Capturing frame 720/2236 (4 workers)
  ██████████░░░░░░░░░░░░░░░  40%  Capturing frame 750/2236 (4 workers)
  ██████████░░░░░░░░░░░░░░░  41%  Capturing frame 780/2236 (4 workers)
  ██████████░░░░░░░░░░░░░░░  41%  Capturing frame 810/2236 (4 workers)
  ██████████░░░░░░░░░░░░░░░  42%  Capturing frame 840/2236 (4 workers)
  ██████████░░░░░░░░░░░░░░░  43%  Capturing frame 870/2236 (4 workers)
  ██████████░░░░░░░░░░░░░░░  43%  Capturing frame 900/2236 (4 workers)
  ███████████░░░░░░░░░░░░░░  44%  Capturing frame 930/2236 (4 workers)
  ███████████░░░░░░░░░░░░░░  44%  Capturing frame 960/2236 (4 workers)
  ███████████░░░░░░░░░░░░░░  45%  Capturing frame 990/2236 (4 workers)
  ███████████░░░░░░░░░░░░░░  46%  Capturing frame 1020/2236 (4 workers)
  ███████████░░░░░░░░░░░░░░  46%  Capturing frame 1050/2236 (4 workers)
  ███████████░░░░░░░░░░░░░░  47%  Capturing frame 1080/2236 (4 workers)
  ███████████░░░░░░░░░░░░░░  47%  Capturing frame 1110/2236 (4 workers)
  ████████████░░░░░░░░░░░░░  48%  Capturing frame 1140/2236 (4 workers)
  ████████████░░░░░░░░░░░░░  49%  Capturing frame 1170/2236 (4 workers)
  ████████████░░░░░░░░░░░░░  49%  Capturing frame 1200/2236 (4 workers)
  ████████████░░░░░░░░░░░░░  50%  Capturing frame 1230/2236 (4 workers)
  ████████████░░░░░░░░░░░░░  50%  Capturing frame 1260/2236 (4 workers)
  ████████████░░░░░░░░░░░░░  51%  Capturing frame 1290/2236 (4 workers)
  █████████████░░░░░░░░░░░░  52%  Capturing frame 1320/2236 (4 workers)
  █████████████░░░░░░░░░░░░  52%  Capturing frame 1350/2236 (4 workers)
  █████████████░░░░░░░░░░░░  53%  Capturing frame 1380/2236 (4 workers)
  █████████████░░░░░░░░░░░░  53%  Capturing frame 1410/2236 (4 workers)
  █████████████░░░░░░░░░░░░  54%  Capturing frame 1440/2236 (4 workers)
  █████████████░░░░░░░░░░░░  55%  Capturing frame 1470/2236 (4 workers)
  █████████████░░░░░░░░░░░░  55%  Capturing frame 1500/2236 (4 workers)
  ██████████████░░░░░░░░░░░  56%  Capturing frame 1530/2236 (4 workers)
  ██████████████░░░░░░░░░░░  56%  Capturing frame 1560/2236 (4 workers)
  ██████████████░░░░░░░░░░░  57%  Capturing frame 1590/2236 (4 workers)
  ██████████████░░░░░░░░░░░  58%  Capturing frame 1620/2236 (4 workers)
  ██████████████░░░░░░░░░░░  58%  Capturing frame 1650/2236 (4 workers)
  ██████████████░░░░░░░░░░░  59%  Capturing frame 1680/2236 (4 workers)
  ██████████████░░░░░░░░░░░  59%  Capturing frame 1710/2236 (4 workers)
  ███████████████░░░░░░░░░░  60%  Capturing frame 1740/2236 (4 workers)
  ███████████████░░░░░░░░░░  61%  Capturing frame 1770/2236 (4 workers)
  ███████████████░░░░░░░░░░  61%  Capturing frame 1800/2236 (4 workers)
  ███████████████░░░░░░░░░░  62%  Capturing frame 1830/2236 (4 workers)
  ███████████████░░░░░░░░░░  62%  Capturing frame 1860/2236 (4 workers)
  ███████████████░░░░░░░░░░  63%  Capturing frame 1890/2236 (4 workers)
  ████████████████░░░░░░░░░  64%  Capturing frame 1920/2236 (4 workers)
  ████████████████░░░░░░░░░  64%  Capturing frame 1950/2236 (4 workers)
  ████████████████░░░░░░░░░  65%  Capturing frame 1980/2236 (4 workers)
  ████████████████░░░░░░░░░  65%  Capturing frame 2010/2236 (4 workers)
  ████████████████░░░░░░░░░  66%  Capturing frame 2040/2236 (4 workers)
  ████████████████░░░░░░░░░  67%  Capturing frame 2070/2236 (4 workers)
  ████████████████░░░░░░░░░  67%  Capturing frame 2100/2236 (4 workers)
  █████████████████░░░░░░░░  68%  Capturing frame 2130/2236 (4 workers)
  █████████████████░░░░░░░░  68%  Capturing frame 2160/2236 (4 workers)
  █████████████████░░░░░░░░  69%  Capturing frame 2190/2236 (4 workers)
  █████████████████░░░░░░░░  70%  Capturing frame 2220/2236 (4 workers)
  █████████████████░░░░░░░░  70%  Capturing frame 2236/2236 (4 workers)
[INFO] [Render:trace] {"renderJobId":"d10016fe-aaba-41ac-9d9b-b137d0a61632","phase":"capture_disk","status":"end","elapsedMs":27223,"durationMs":25477,"stagePhase":"capturing","needsAlpha":false,"workerCount":4,"forceScreenshot":false,"totalFrames":2236,"framesCompleted":2236,"captureMode":"beginframe","captureOperation":"encode"}
[INFO] [Render:trace] {"renderJobId":"d10016fe-aaba-41ac-9d9b-b137d0a61632","phase":"encode","status":"start","elapsedMs":27224,"stagePhase":"capturing","hasAudio":false,"isPngSequence":false,"isGif":false,"chunkedEncode":false,"workerCount":4,"forceScreenshot":false,"totalFrames":2236,"framesCompleted":2236,"captureMode":"beginframe","captureOperation":"encode"}
  ██████████████████░░░░░░░  75%  Encoding video
[INFO] [Render:trace] {"renderJobId":"d10016fe-aaba-41ac-9d9b-b137d0a61632","phase":"encode","status":"end","elapsedMs":37523,"durationMs":10299,"stagePhase":"capturing","hasAudio":false,"isPngSequence":false,"isGif":false,"chunkedEncode":false,"workerCount":4,"forceScreenshot":false,"totalFrames":2236,"framesCompleted":2236,"captureMode":"beginframe","captureOperation":"encode"}
[INFO] [Render:trace] {"renderJobId":"d10016fe-aaba-41ac-9d9b-b137d0a61632","phase":"assemble","status":"start","elapsedMs":37523,"stagePhase":"capturing","hasAudio":false,"workerCount":4,"forceScreenshot":false,"totalFrames":2236,"framesCompleted":2236,"captureMode":"beginframe","captureOperation":"encode"}
  ██████████████████████░░░  90%  Assembling final video
[INFO] [Render:trace] {"renderJobId":"d10016fe-aaba-41ac-9d9b-b137d0a61632","phase":"assemble","status":"end","elapsedMs":37567,"durationMs":44,"stagePhase":"capturing","hasAudio":false,"workerCount":4,"forceScreenshot":false,"totalFrames":2236,"framesCompleted":2236,"captureMode":"beginframe","captureOperation":"encode"}
[INFO] [Render:trace] {"renderJobId":"d10016fe-aaba-41ac-9d9b-b137d0a61632","phase":"pipeline","status":"checkpoint","elapsedMs":37612,"message":"artifact validated","totalElapsedMs":37605}
  █████████████████████████  100%  Render complete

◇  /Users/bliss/fixter2025/docs/eve-tutorial/long/ch1/renders/ch1_2026-09-17_11-12-27.mp4
   2.9 MB · 1m 14.5s video · rendered in 37.7s
