
◆  Rendering ch6 → /Users/bliss/fixter2025/docs/eve-tutorial/long/ch6/renders/ch6_2026-09-17_12-58-37.mp4
   30fps · standard · auto workers (10 cores detected)
   GPU: browser GPU (auto-detect)

[?25l│
◇  Browser: cache
[?25h
  ⚠ studio_missing_editable_id: <div class="cap" data-start="0.81"> has no id, so Studio cannot use a stable edit target for its timeline and canvas controls.
    Fix: Add a stable, human-readable id such as id="hero-title" or id="scene-1-card" to every timeline-visible element you want agents or Studio to edit.
  ⚠ studio_missing_editable_id: <div class="cap" data-start="3.99"> has no id, so Studio cannot use a stable edit target for its timeline and canvas controls.
    Fix: Add a stable, human-readable id such as id="hero-title" or id="scene-1-card" to every timeline-visible element you want agents or Studio to edit.
  ⚠ studio_missing_editable_id: <div class="cap" data-start="6.15"> has no id, so Studio cannot use a stable edit target for its timeline and canvas controls.
    Fix: Add a stable, human-readable id such as id="hero-title" or id="scene-1-card" to every timeline-visible element you want agents or Studio to edit.
  ⚠ studio_missing_editable_id: <div class="cap" data-start="9.44"> has no id, so Studio cannot use a stable edit target for its timeline and canvas controls.
    Fix: Add a stable, human-readable id such as id="hero-title" or id="scene-1-card" to every timeline-visible element you want agents or Studio to edit.
  ⚠ studio_missing_editable_id: <div class="cap" data-start="11.95"> has no id, so Studio cannot use a stable edit target for its timeline and canvas controls.
    Fix: Add a stable, human-readable id such as id="hero-title" or id="scene-1-card" to every timeline-visible element you want agents or Studio to edit.
  ⚠ studio_missing_editable_id: <div class="cap" data-start="13.35"> has no id, so Studio cannot use a stable edit target for its timeline and canvas controls.
    Fix: Add a stable, human-readable id such as id="hero-title" or id="scene-1-card" to every timeline-visible element you want agents or Studio to edit.
  ⚠ studio_missing_editable_id: <div class="cap" data-start="16.05"> has no id, so Studio cannot use a stable edit target for its timeline and canvas controls.
    Fix: Add a stable, human-readable id such as id="hero-title" or id="scene-1-card" to every timeline-visible element you want agents or Studio to edit.
  ⚠ studio_missing_editable_id: <div class="cap" data-start="18.97"> has no id, so Studio cannot use a stable edit target for its timeline and canvas controls.
    Fix: Add a stable, human-readable id such as id="hero-title" or id="scene-1-card" to every timeline-visible element you want agents or Studio to edit.
  ⚠ studio_missing_editable_id: <div class="cap" data-start="22.11"> has no id, so Studio cannot use a stable edit target for its timeline and canvas controls.
    Fix: Add a stable, human-readable id such as id="hero-title" or id="scene-1-card" to every timeline-visible element you want agents or Studio to edit.
  ⚠ studio_missing_editable_id: <div class="cap" data-start="24.80"> has no id, so Studio cannot use a stable edit target for its timeline and canvas controls.
    Fix: Add a stable, human-readable id such as id="hero-title" or id="scene-1-card" to every timeline-visible element you want agents or Studio to edit.
  ⚠ studio_missing_editable_id: <div class="cap" data-start="27.27"> has no id, so Studio cannot use a stable edit target for its timeline and canvas controls.
    Fix: Add a stable, human-readable id such as id="hero-title" or id="scene-1-card" to every timeline-visible element you want agents or Studio to edit.
  ⚠ studio_missing_editable_id: <div class="cap" data-start="30.60"> has no id, so Studio cannot use a stable edit target for its timeline and canvas controls.
    Fix: Add a stable, human-readable id such as id="hero-title" or id="scene-1-card" to every timeline-visible element you want agents or Studio to edit.
  ⚠ studio_missing_editable_id: <div class="cap" data-start="34.57"> has no id, so Studio cannot use a stable edit target for its timeline and canvas controls.
    Fix: Add a stable, human-readable id such as id="hero-title" or id="scene-1-card" to every timeline-visible element you want agents or Studio to edit.
  ⚠ studio_missing_editable_id: <div class="cap" data-start="38.95"> has no id, so Studio cannot use a stable edit target for its timeline and canvas controls.
    Fix: Add a stable, human-readable id such as id="hero-title" or id="scene-1-card" to every timeline-visible element you want agents or Studio to edit.
  ⚠ studio_missing_editable_id: <div class="cap" data-start="42.11"> has no id, so Studio cannot use a stable edit target for its timeline and canvas controls.
    Fix: Add a stable, human-readable id such as id="hero-title" or id="scene-1-card" to every timeline-visible element you want agents or Studio to edit.
  ⚠ studio_missing_editable_id: <div class="cap" data-start="48.74"> has no id, so Studio cannot use a stable edit target for its timeline and canvas controls.
    Fix: Add a stable, human-readable id such as id="hero-title" or id="scene-1-card" to every timeline-visible element you want agents or Studio to edit.
  ⚠ studio_missing_editable_id: <div class="cap" data-start="52.99"> has no id, so Studio cannot use a stable edit target for its timeline and canvas controls.
    Fix: Add a stable, human-readable id such as id="hero-title" or id="scene-1-card" to every timeline-visible element you want agents or Studio to edit.
  ⚠ studio_missing_editable_id: <div class="cap" data-start="54.69"> has no id, so Studio cannot use a stable edit target for its timeline and canvas controls.
    Fix: Add a stable, human-readable id such as id="hero-title" or id="scene-1-card" to every timeline-visible element you want agents or Studio to edit.
  ⚠ studio_missing_editable_id: <div class="cap" data-start="56.85"> has no id, so Studio cannot use a stable edit target for its timeline and canvas controls.
    Fix: Add a stable, human-readable id such as id="hero-title" or id="scene-1-card" to every timeline-visible element you want agents or Studio to edit.
  ⚠ studio_missing_editable_id: <div class="cap" data-start="57.40"> has no id, so Studio cannot use a stable edit target for its timeline and canvas controls.
    Fix: Add a stable, human-readable id such as id="hero-title" or id="scene-1-card" to every timeline-visible element you want agents or Studio to edit.
  ⚠ studio_missing_editable_id: <div class="cap" data-start="61.65"> has no id, so Studio cannot use a stable edit target for its timeline and canvas controls.
    Fix: Add a stable, human-readable id such as id="hero-title" or id="scene-1-card" to every timeline-visible element you want agents or Studio to edit.
  ⚠ studio_missing_editable_id: <div class="cap" data-start="66.81"> has no id, so Studio cannot use a stable edit target for its timeline and canvas controls.
    Fix: Add a stable, human-readable id such as id="hero-title" or id="scene-1-card" to every timeline-visible element you want agents or Studio to edit.
  ⚠ duplicate_media_discovery_risk: Detected 4 matching img entries with the same source/start/duration.
    Fix: Avoid duplicated media nodes that can be discovered twice during compilation.
  Continuing render despite lint issues. Use --strict to block errors.

[INFO] [Render] Pipeline started {"renderJobId":"9afb5edc-1fd4-4737-8e95-ef5479131c99","platform":"darwin","arch":"arm64","nodeVersion":"v24.21.0","fps":{"num":30,"den":1},"format":"mp4","quality":"standard","browserGpuMode":"auto","forceScreenshot":false,"protocolTimeout":300000,"browserTimeout":120000,"pageNavigationTimeout":60000,"playerReadyTimeout":45000}
[INFO] [Render:trace] {"renderJobId":"9afb5edc-1fd4-4737-8e95-ef5479131c99","phase":"pipeline","status":"checkpoint","elapsedMs":1,"message":"started","format":"mp4","quality":"standard","browserGpuMode":"auto","forceScreenshot":false,"protocolTimeoutMs":300000,"pageNavigationTimeoutMs":60000,"playerReadyTimeoutMs":45000,"requestedWorkers":"auto"}
[INFO] [Render:trace] {"renderJobId":"9afb5edc-1fd4-4737-8e95-ef5479131c99","phase":"compile","status":"start","elapsedMs":2,"needsAlpha":false}
  █░░░░░░░░░░░░░░░░░░░░░░░░  5%  Compiling composition
[INFO] [Compiler] Fetched 4 font face(s) for "Space Mono" from Google Fonts (cached to /Users/bliss/.cache/hyperframes/fonts/space-mono)
[INFO] [Compiler] Fetched 9 font face(s) for "Big Shoulders Display" from Google Fonts (cached to /Users/bliss/.cache/hyperframes/fonts/big-shoulders-display)
[INFO] [Compiler] Injected deterministic @font-face rules for 2 requested font families
[INFO] [Compiler] Inlined CDN script: https://cdn.jsdelivr.net/npm/gsap@3.14.2/dist/gsap.min.js
[INFO] [Compiler] Inlined CDN script: https://cdn.jsdelivr.net/npm/gsap@3.14.2/dist/TextPlugin.min.js
[INFO] [Render] Fast capture: composition uses a CSS 3D rendering context (perspective / preserve-3d / backface-visibility) — disabling drawElementImage for this render. Capture uses the platform's baseline route. {"renderJobId":"9afb5edc-1fd4-4737-8e95-ef5479131c99"}
[INFO] Compiled composition metadata {"renderJobId":"9afb5edc-1fd4-4737-8e95-ef5479131c99","entryFile":"index.html","staticDuration":70.97,"width":1920,"height":1080,"videoCount":1,"audioCount":0,"renderModeHints":{"recommendScreenshot":false,"reasons":[]}}
[INFO] [Render:trace] {"renderJobId":"9afb5edc-1fd4-4737-8e95-ef5479131c99","phase":"compile","status":"end","elapsedMs":410,"durationMs":408,"needsAlpha":false}
[INFO] [Render:trace] {"renderJobId":"9afb5edc-1fd4-4737-8e95-ef5479131c99","phase":"compile","status":"checkpoint","elapsedMs":411,"message":"composition metadata resolved","width":1920,"height":1080,"videoCount":1,"audioCount":0,"imageCount":6,"deviceScaleFactor":1,"forceScreenshot":false,"compositionHash":"e14de339770cf9a2"}
[INFO] [Render:trace] {"renderJobId":"9afb5edc-1fd4-4737-8e95-ef5479131c99","phase":"browser_probe","status":"start","elapsedMs":411,"forceScreenshot":false,"stagePhase":"calibrating"}
[INFO] [Render:trace] {"renderJobId":"9afb5edc-1fd4-4737-8e95-ef5479131c99","phase":"browser_probe","status":"end","elapsedMs":419,"durationMs":8,"forceScreenshot":false,"stagePhase":"calibrating"}
[INFO] [Render:trace] {"renderJobId":"9afb5edc-1fd4-4737-8e95-ef5479131c99","phase":"browser_probe","status":"checkpoint","elapsedMs":420,"message":"duration resolved","durationSeconds":70.97,"totalFrames":2130,"compositionHash":"e14de339770cf9a2","beginFrameStalled":false}
[INFO] [Render:trace] {"renderJobId":"9afb5edc-1fd4-4737-8e95-ef5479131c99","phase":"video_extract","status":"start","elapsedMs":420,"videoCount":1}
[INFO] Probing video color spaces... {"renderJobId":"9afb5edc-1fd4-4737-8e95-ef5479131c99","videoCount":1}
  ██░░░░░░░░░░░░░░░░░░░░░░░  10%  Extracting video frames
[INFO] Extracting frames from video 1/1 {"renderJobId":"9afb5edc-1fd4-4737-8e95-ef5479131c99","sourceType":"local"}
[INFO] [Render:trace] {"renderJobId":"9afb5edc-1fd4-4737-8e95-ef5479131c99","phase":"video_extract","status":"end","elapsedMs":426,"durationMs":6,"videoCount":1}
[INFO] [Render:trace] {"renderJobId":"9afb5edc-1fd4-4737-8e95-ef5479131c99","phase":"video_extract","status":"checkpoint","elapsedMs":428,"message":"frames resolved","videoCount":1,"extractedVideoCount":1,"totalFramesExtracted":569,"maxFramesPerVideo":569,"avgFramesPerExtractedVideo":569,"vfrPreflightCount":0,"vfrPreflightMs":0,"cacheHits":1,"cacheMisses":0,"transientRetries":0,"minVideoFrameCoverageRatio":1,"authoredTimedClipCount":28}
[INFO] [Render] No HDR sources detected — rendering SDR {"renderJobId":"9afb5edc-1fd4-4737-8e95-ef5479131c99"}
[INFO] [Render:trace] {"renderJobId":"9afb5edc-1fd4-4737-8e95-ef5479131c99","phase":"hdr_detection","status":"checkpoint","elapsedMs":428,"message":"resolved","requestedHdrMode":"auto","effectiveHdr":"sdr","nativeHdrVideoCount":0,"nativeHdrImageCount":0}
[INFO] [Render:trace] {"renderJobId":"9afb5edc-1fd4-4737-8e95-ef5479131c99","phase":"audio_process","status":"start","elapsedMs":428,"audioCount":0}
  █████░░░░░░░░░░░░░░░░░░░░  20%  Processing audio tracks
[INFO] [Render:trace] {"renderJobId":"9afb5edc-1fd4-4737-8e95-ef5479131c99","phase":"audio_process","status":"end","elapsedMs":428,"durationMs":0,"audioCount":0}
[INFO] [Render:trace] {"renderJobId":"9afb5edc-1fd4-4737-8e95-ef5479131c99","phase":"file_server","status":"start","elapsedMs":428,"reused":false}
  ██████░░░░░░░░░░░░░░░░░░░  25%  Starting frame capture
[INFO] [Render:trace] {"renderJobId":"9afb5edc-1fd4-4737-8e95-ef5479131c99","phase":"file_server","status":"end","elapsedMs":431,"durationMs":3}
[WARN] [Compiler] WARNING: Video "s0v" has sparse keyframes (max interval: 8.33s). This causes seek failures and frame freezing. Re-encode with: ffmpeg -i "assets/card-05-easybits-ch6-0.mp4" -c:v libx264 -r 30 -g 30 -keyint_min 30 -movflags +faststart -c:a copy output.mp4
[hyperframes] browserGpuMode probe → hardware (WebGL renderer vendor="Google Inc. (Apple)" renderer="ANGLE (Apple, ANGLE Metal Renderer: Apple M4, Unspecified Version)")
[INFO] [Render:trace] {"renderJobId":"9afb5edc-1fd4-4737-8e95-ef5479131c99","phase":"capture_calibration","status":"start","elapsedMs":588,"stagePhase":"calibrating","forceScreenshot":false,"totalFrames":2130,"framesCompleted":0,"captureMode":"beginframe","captureOperation":"beginFrame"}
[INFO] [Render] Calibration config {"renderJobId":"9afb5edc-1fd4-4737-8e95-ef5479131c99","protocolTimeout":30000,"parentProtocolTimeout":300000,"forceScreenshot":false,"totalFrames":2130}
[INFO] Launching browser for capture calibration... {"renderJobId":"9afb5edc-1fd4-4737-8e95-ef5479131c99"}
[BrowserManager] Browser launched (HeadlessChrome/152.0.7977.30, screenshot, gl=--use-gl=angle --use-angle=metal, headlessShell=true, platform=darwin)
[INFO] Initializing calibration session... {"renderJobId":"9afb5edc-1fd4-4737-8e95-ef5479131c99"}
[initSession:screenshot] page.goto start (0ms)
[HyperFrames] render runtime fps [object Object]
[initSession:screenshot] page.goto complete (274ms)
[initSession:screenshot] GSAP proxy flush complete (275ms)
[initSession:screenshot] pollHfReady complete (275ms)
[initSession:screenshot] pollSubCompositionTimelines complete (ready) (277ms)
[initSession:screenshot] applyVideoMetadataHints complete (277ms)
[initSession:screenshot] media + fonts + tailwind ready (303ms)
[initSession:screenshot] captureBeyondViewport downgraded: page content fits the capture viewport (306ms)
[initSession:screenshot] static-frame dedup: disabled (before-capture hook / video injection active) (307ms)
[INFO] Calibration session ready, capturing test frames... {"renderJobId":"9afb5edc-1fd4-4737-8e95-ef5479131c99"}
[INFO] Calibration: capturing test frame 1/5... {"renderJobId":"9afb5edc-1fd4-4737-8e95-ef5479131c99"}
[INFO] Calibration: capturing test frame 2/5... {"renderJobId":"9afb5edc-1fd4-4737-8e95-ef5479131c99"}
[INFO] Calibration: capturing test frame 3/5... {"renderJobId":"9afb5edc-1fd4-4737-8e95-ef5479131c99"}
[INFO] Calibration: capturing test frame 4/5... {"renderJobId":"9afb5edc-1fd4-4737-8e95-ef5479131c99"}
[INFO] Calibration: capturing test frame 5/5... {"renderJobId":"9afb5edc-1fd4-4737-8e95-ef5479131c99"}
[INFO] Calibration complete, estimated cost: 69ms/frame (p95) {"renderJobId":"9afb5edc-1fd4-4737-8e95-ef5479131c99"}
[INFO] [Render:trace] {"renderJobId":"9afb5edc-1fd4-4737-8e95-ef5479131c99","phase":"capture_calibration","status":"end","elapsedMs":1293,"durationMs":704,"stagePhase":"calibrating","forceScreenshot":false,"totalFrames":2130,"framesCompleted":0,"captureMode":"beginframe","captureOperation":"beginFrame"}
[INFO] [Render:trace] {"renderJobId":"9afb5edc-1fd4-4737-8e95-ef5479131c99","phase":"capture_calibration","status":"checkpoint","elapsedMs":1293,"message":"resolved","forceScreenshot":false,"multiplier":1,"p95Ms":69}
[INFO] [Render:trace] {"renderJobId":"9afb5edc-1fd4-4737-8e95-ef5479131c99","phase":"worker_resolution","status":"checkpoint","elapsedMs":1293,"message":"resolved","workerCount":4}
[INFO] streaming-encode gate {"renderJobId":"9afb5edc-1fd4-4737-8e95-ef5479131c99","enabled":false,"configFlag":true,"outputFormat":"mp4","workerCount":4,"durationSeconds":70.97,"maxDurationSeconds":240}
[INFO] [Render:trace] {"renderJobId":"9afb5edc-1fd4-4737-8e95-ef5479131c99","phase":"capture_strategy","status":"checkpoint","elapsedMs":1293,"message":"resolved","workerCount":4,"forceScreenshot":false,"captureBeyondViewport":true,"useStreamingEncode":false,"useLayeredComposite":false,"usePageSideCompositing":false,"hasHdrContent":false,"hasShaderTransitions":false,"isPngSequence":false}
[INFO] [Render:trace] {"renderJobId":"9afb5edc-1fd4-4737-8e95-ef5479131c99","phase":"capture_disk","status":"start","elapsedMs":1293,"stagePhase":"capturing","needsAlpha":false,"workerCount":4,"forceScreenshot":false,"totalFrames":2130,"framesCompleted":0,"captureMode":"beginframe","captureOperation":"beginFrame"}
[BrowserManager] Browser launched (HeadlessChrome/152.0.7977.30, screenshot, gl=--use-gl=angle --use-angle=metal, headlessShell=true, platform=darwin)
[initSession:screenshot] page.goto start (0ms)
[initSession:screenshot] page.goto start (0ms)
[initSession:screenshot] page.goto start (0ms)
[initSession:screenshot] page.goto start (0ms)
[HyperFrames] render runtime fps [object Object]
[HyperFrames] render runtime fps [object Object]
[HyperFrames] render runtime fps [object Object]
[HyperFrames] render runtime fps [object Object]
[initSession:screenshot] page.goto complete (230ms)
[initSession:screenshot] page.goto complete (244ms)
[initSession:screenshot] page.goto complete (250ms)
[initSession:screenshot] page.goto complete (253ms)
[initSession:screenshot] GSAP proxy flush complete (273ms)
[initSession:screenshot] GSAP proxy flush complete (273ms)
[initSession:screenshot] GSAP proxy flush complete (276ms)
[initSession:screenshot] GSAP proxy flush complete (277ms)
[initSession:screenshot] pollHfReady complete (283ms)
[initSession:screenshot] pollHfReady complete (283ms)
[initSession:screenshot] pollHfReady complete (284ms)
[initSession:screenshot] pollHfReady complete (284ms)
[initSession:screenshot] pollSubCompositionTimelines complete (ready) (285ms)
[initSession:screenshot] pollSubCompositionTimelines complete (ready) (284ms)
[initSession:screenshot] pollSubCompositionTimelines complete (ready) (286ms)
[initSession:screenshot] pollSubCompositionTimelines complete (ready) (286ms)
[initSession:screenshot] applyVideoMetadataHints complete (286ms)
[initSession:screenshot] applyVideoMetadataHints complete (286ms)
[initSession:screenshot] applyVideoMetadataHints complete (287ms)
[initSession:screenshot] applyVideoMetadataHints complete (288ms)
[initSession:screenshot] media + fonts + tailwind ready (289ms)
[initSession:screenshot] media + fonts + tailwind ready (289ms)
[initSession:screenshot] media + fonts + tailwind ready (290ms)
[initSession:screenshot] media + fonts + tailwind ready (290ms)
[initSession:screenshot] captureBeyondViewport downgraded: page content fits the capture viewport (292ms)
[initSession:screenshot] static-frame dedup: disabled (before-capture hook / video injection active) (292ms)
[initSession:screenshot] captureBeyondViewport downgraded: page content fits the capture viewport (291ms)
[initSession:screenshot] static-frame dedup: disabled (before-capture hook / video injection active) (292ms)
[initSession:screenshot] captureBeyondViewport downgraded: page content fits the capture viewport (293ms)
[initSession:screenshot] static-frame dedup: disabled (before-capture hook / video injection active) (293ms)
[initSession:screenshot] captureBeyondViewport downgraded: page content fits the capture viewport (293ms)
[initSession:screenshot] static-frame dedup: disabled (before-capture hook / video injection active) (293ms)
  ██████░░░░░░░░░░░░░░░░░░░  26%  Capturing frame 30/2130 (4 workers)
  ██████░░░░░░░░░░░░░░░░░░░  26%  Capturing frame 60/2130 (4 workers)
  ██████░░░░░░░░░░░░░░░░░░░  27%  Capturing frame 90/2130 (4 workers)
  ███████░░░░░░░░░░░░░░░░░░  28%  Capturing frame 120/2130 (4 workers)
  ███████░░░░░░░░░░░░░░░░░░  28%  Capturing frame 150/2130 (4 workers)
  ███████░░░░░░░░░░░░░░░░░░  29%  Capturing frame 180/2130 (4 workers)
  ███████░░░░░░░░░░░░░░░░░░  29%  Capturing frame 210/2130 (4 workers)
  ███████░░░░░░░░░░░░░░░░░░  30%  Capturing frame 240/2130 (4 workers)
  ███████░░░░░░░░░░░░░░░░░░  31%  Capturing frame 270/2130 (4 workers)
  ███████░░░░░░░░░░░░░░░░░░  31%  Capturing frame 300/2130 (4 workers)
  ████████░░░░░░░░░░░░░░░░░  32%  Capturing frame 330/2130 (4 workers)
  ████████░░░░░░░░░░░░░░░░░  33%  Capturing frame 360/2130 (4 workers)
  ████████░░░░░░░░░░░░░░░░░  33%  Capturing frame 390/2130 (4 workers)
  ████████░░░░░░░░░░░░░░░░░  34%  Capturing frame 420/2130 (4 workers)
  ████████░░░░░░░░░░░░░░░░░  35%  Capturing frame 450/2130 (4 workers)
  ████████░░░░░░░░░░░░░░░░░  35%  Capturing frame 480/2130 (4 workers)
  █████████░░░░░░░░░░░░░░░░  36%  Capturing frame 510/2130 (4 workers)
  █████████░░░░░░░░░░░░░░░░  36%  Capturing frame 540/2130 (4 workers)
  █████████░░░░░░░░░░░░░░░░  37%  Capturing frame 570/2130 (4 workers)
  █████████░░░░░░░░░░░░░░░░  38%  Capturing frame 600/2130 (4 workers)
  █████████░░░░░░░░░░░░░░░░  38%  Capturing frame 630/2130 (4 workers)
  █████████░░░░░░░░░░░░░░░░  39%  Capturing frame 660/2130 (4 workers)
  ██████████░░░░░░░░░░░░░░░  40%  Capturing frame 690/2130 (4 workers)
  ██████████░░░░░░░░░░░░░░░  40%  Capturing frame 720/2130 (4 workers)
  ██████████░░░░░░░░░░░░░░░  41%  Capturing frame 750/2130 (4 workers)
  ██████████░░░░░░░░░░░░░░░  41%  Capturing frame 780/2130 (4 workers)
  ██████████░░░░░░░░░░░░░░░  42%  Capturing frame 810/2130 (4 workers)
  ██████████░░░░░░░░░░░░░░░  43%  Capturing frame 840/2130 (4 workers)
  ██████████░░░░░░░░░░░░░░░  43%  Capturing frame 870/2130 (4 workers)
  ███████████░░░░░░░░░░░░░░  44%  Capturing frame 900/2130 (4 workers)
  ███████████░░░░░░░░░░░░░░  45%  Capturing frame 930/2130 (4 workers)
  ███████████░░░░░░░░░░░░░░  45%  Capturing frame 960/2130 (4 workers)
  ███████████░░░░░░░░░░░░░░  46%  Capturing frame 990/2130 (4 workers)
  ███████████░░░░░░░░░░░░░░  47%  Capturing frame 1020/2130 (4 workers)
  ███████████░░░░░░░░░░░░░░  47%  Capturing frame 1050/2130 (4 workers)
  ████████████░░░░░░░░░░░░░  48%  Capturing frame 1080/2130 (4 workers)
  ████████████░░░░░░░░░░░░░  48%  Capturing frame 1110/2130 (4 workers)
  ████████████░░░░░░░░░░░░░  49%  Capturing frame 1140/2130 (4 workers)
  ████████████░░░░░░░░░░░░░  50%  Capturing frame 1170/2130 (4 workers)
  ████████████░░░░░░░░░░░░░  50%  Capturing frame 1200/2130 (4 workers)
  ████████████░░░░░░░░░░░░░  51%  Capturing frame 1230/2130 (4 workers)
  █████████████░░░░░░░░░░░░  52%  Capturing frame 1260/2130 (4 workers)
  █████████████░░░░░░░░░░░░  52%  Capturing frame 1290/2130 (4 workers)
  █████████████░░░░░░░░░░░░  53%  Capturing frame 1320/2130 (4 workers)
  █████████████░░░░░░░░░░░░  54%  Capturing frame 1350/2130 (4 workers)
  █████████████░░░░░░░░░░░░  54%  Capturing frame 1380/2130 (4 workers)
  █████████████░░░░░░░░░░░░  55%  Capturing frame 1410/2130 (4 workers)
  █████████████░░░░░░░░░░░░  55%  Capturing frame 1440/2130 (4 workers)
  ██████████████░░░░░░░░░░░  56%  Capturing frame 1470/2130 (4 workers)
  ██████████████░░░░░░░░░░░  57%  Capturing frame 1500/2130 (4 workers)
  ██████████████░░░░░░░░░░░  57%  Capturing frame 1530/2130 (4 workers)
  ██████████████░░░░░░░░░░░  58%  Capturing frame 1560/2130 (4 workers)
  ██████████████░░░░░░░░░░░  59%  Capturing frame 1590/2130 (4 workers)
  ██████████████░░░░░░░░░░░  59%  Capturing frame 1620/2130 (4 workers)
  ███████████████░░░░░░░░░░  60%  Capturing frame 1650/2130 (4 workers)
  ███████████████░░░░░░░░░░  60%  Capturing frame 1680/2130 (4 workers)
  ███████████████░░░░░░░░░░  61%  Capturing frame 1710/2130 (4 workers)
  ███████████████░░░░░░░░░░  62%  Capturing frame 1740/2130 (4 workers)
  ███████████████░░░░░░░░░░  62%  Capturing frame 1770/2130 (4 workers)
  ███████████████░░░░░░░░░░  63%  Capturing frame 1800/2130 (4 workers)
  ████████████████░░░░░░░░░  64%  Capturing frame 1830/2130 (4 workers)
  ████████████████░░░░░░░░░  64%  Capturing frame 1860/2130 (4 workers)
  ████████████████░░░░░░░░░  65%  Capturing frame 1890/2130 (4 workers)
  ████████████████░░░░░░░░░  66%  Capturing frame 1920/2130 (4 workers)
  ████████████████░░░░░░░░░  66%  Capturing frame 1950/2130 (4 workers)
  ████████████████░░░░░░░░░  67%  Capturing frame 1980/2130 (4 workers)
  ████████████████░░░░░░░░░  67%  Capturing frame 2010/2130 (4 workers)
  █████████████████░░░░░░░░  68%  Capturing frame 2040/2130 (4 workers)
  █████████████████░░░░░░░░  69%  Capturing frame 2070/2130 (4 workers)
  █████████████████░░░░░░░░  69%  Capturing frame 2100/2130 (4 workers)
[INFO] [Render:trace] {"renderJobId":"9afb5edc-1fd4-4737-8e95-ef5479131c99","phase":"capture_disk","status":"checkpoint","elapsedMs":31295,"message":"stage still running","stagePhase":"capturing","needsAlpha":false,"workerCount":4,"forceScreenshot":false,"totalFrames":2130,"framesCompleted":2101,"captureMode":"beginframe","captureOperation":"beginFrame","heartbeatIndex":1,"stageElapsedMs":30001}
  █████████████████░░░░░░░░  70%  Capturing frame 2130/2130 (4 workers)
[INFO] [Render:trace] {"renderJobId":"9afb5edc-1fd4-4737-8e95-ef5479131c99","phase":"capture_disk","status":"end","elapsedMs":33016,"durationMs":31723,"stagePhase":"capturing","needsAlpha":false,"workerCount":4,"forceScreenshot":false,"totalFrames":2130,"framesCompleted":2130,"captureMode":"beginframe","captureOperation":"encode"}
[INFO] [Render:trace] {"renderJobId":"9afb5edc-1fd4-4737-8e95-ef5479131c99","phase":"encode","status":"start","elapsedMs":33017,"stagePhase":"capturing","hasAudio":false,"isPngSequence":false,"isGif":false,"chunkedEncode":false,"workerCount":4,"forceScreenshot":false,"totalFrames":2130,"framesCompleted":2130,"captureMode":"beginframe","captureOperation":"encode"}
  ██████████████████░░░░░░░  75%  Encoding video
[INFO] [Render:trace] {"renderJobId":"9afb5edc-1fd4-4737-8e95-ef5479131c99","phase":"encode","status":"end","elapsedMs":44732,"durationMs":11715,"stagePhase":"capturing","hasAudio":false,"isPngSequence":false,"isGif":false,"chunkedEncode":false,"workerCount":4,"forceScreenshot":false,"totalFrames":2130,"framesCompleted":2130,"captureMode":"beginframe","captureOperation":"encode"}
[INFO] [Render:trace] {"renderJobId":"9afb5edc-1fd4-4737-8e95-ef5479131c99","phase":"assemble","status":"start","elapsedMs":44732,"stagePhase":"capturing","hasAudio":false,"workerCount":4,"forceScreenshot":false,"totalFrames":2130,"framesCompleted":2130,"captureMode":"beginframe","captureOperation":"encode"}
  ██████████████████████░░░  90%  Assembling final video
[INFO] [Render:trace] {"renderJobId":"9afb5edc-1fd4-4737-8e95-ef5479131c99","phase":"assemble","status":"end","elapsedMs":44777,"durationMs":45,"stagePhase":"capturing","hasAudio":false,"workerCount":4,"forceScreenshot":false,"totalFrames":2130,"framesCompleted":2130,"captureMode":"beginframe","captureOperation":"encode"}
[INFO] [Render:trace] {"renderJobId":"9afb5edc-1fd4-4737-8e95-ef5479131c99","phase":"pipeline","status":"checkpoint","elapsedMs":44821,"message":"artifact validated","totalElapsedMs":44813}
  █████████████████████████  100%  Render complete

◇  /Users/bliss/fixter2025/docs/eve-tutorial/long/ch6/renders/ch6_2026-09-17_12-58-37.mp4
   4.3 MB · 1m 11.0s video · rendered in 45.2s
