
◆  Rendering ch5 → /Users/bliss/fixter2025/docs/eve-tutorial/long/ch5/renders/ch5_2026-09-17_12-57-53.mp4
   30fps · standard · auto workers (10 cores detected)
   GPU: browser GPU (auto-detect)

[?25l│
◇  Browser: cache
[?25h
  ⚠ studio_missing_editable_id: <div class="cap" data-start="0.81"> has no id, so Studio cannot use a stable edit target for its timeline and canvas controls.
    Fix: Add a stable, human-readable id such as id="hero-title" or id="scene-1-card" to every timeline-visible element you want agents or Studio to edit.
  ⚠ studio_missing_editable_id: <div class="cap" data-start="3.24"> has no id, so Studio cannot use a stable edit target for its timeline and canvas controls.
    Fix: Add a stable, human-readable id such as id="hero-title" or id="scene-1-card" to every timeline-visible element you want agents or Studio to edit.
  ⚠ studio_missing_editable_id: <div class="cap" data-start="6.66"> has no id, so Studio cannot use a stable edit target for its timeline and canvas controls.
    Fix: Add a stable, human-readable id such as id="hero-title" or id="scene-1-card" to every timeline-visible element you want agents or Studio to edit.
  ⚠ studio_missing_editable_id: <div class="cap" data-start="10.52"> has no id, so Studio cannot use a stable edit target for its timeline and canvas controls.
    Fix: Add a stable, human-readable id such as id="hero-title" or id="scene-1-card" to every timeline-visible element you want agents or Studio to edit.
  ⚠ studio_missing_editable_id: <div class="cap" data-start="13.12"> has no id, so Studio cannot use a stable edit target for its timeline and canvas controls.
    Fix: Add a stable, human-readable id such as id="hero-title" or id="scene-1-card" to every timeline-visible element you want agents or Studio to edit.
  ⚠ studio_missing_editable_id: <div class="cap" data-start="17.17"> has no id, so Studio cannot use a stable edit target for its timeline and canvas controls.
    Fix: Add a stable, human-readable id such as id="hero-title" or id="scene-1-card" to every timeline-visible element you want agents or Studio to edit.
  ⚠ studio_missing_editable_id: <div class="cap" data-start="19.61"> has no id, so Studio cannot use a stable edit target for its timeline and canvas controls.
    Fix: Add a stable, human-readable id such as id="hero-title" or id="scene-1-card" to every timeline-visible element you want agents or Studio to edit.
  ⚠ studio_missing_editable_id: <div class="cap" data-start="22.51"> has no id, so Studio cannot use a stable edit target for its timeline and canvas controls.
    Fix: Add a stable, human-readable id such as id="hero-title" or id="scene-1-card" to every timeline-visible element you want agents or Studio to edit.
  ⚠ studio_missing_editable_id: <div class="cap" data-start="27.16"> has no id, so Studio cannot use a stable edit target for its timeline and canvas controls.
    Fix: Add a stable, human-readable id such as id="hero-title" or id="scene-1-card" to every timeline-visible element you want agents or Studio to edit.
  ⚠ studio_missing_editable_id: <div class="cap" data-start="30.06"> has no id, so Studio cannot use a stable edit target for its timeline and canvas controls.
    Fix: Add a stable, human-readable id such as id="hero-title" or id="scene-1-card" to every timeline-visible element you want agents or Studio to edit.
  ⚠ studio_missing_editable_id: <div class="cap" data-start="33.33"> has no id, so Studio cannot use a stable edit target for its timeline and canvas controls.
    Fix: Add a stable, human-readable id such as id="hero-title" or id="scene-1-card" to every timeline-visible element you want agents or Studio to edit.
  ⚠ studio_missing_editable_id: <div class="cap" data-start="37.82"> has no id, so Studio cannot use a stable edit target for its timeline and canvas controls.
    Fix: Add a stable, human-readable id such as id="hero-title" or id="scene-1-card" to every timeline-visible element you want agents or Studio to edit.
  ⚠ studio_missing_editable_id: <div class="cap" data-start="41.80"> has no id, so Studio cannot use a stable edit target for its timeline and canvas controls.
    Fix: Add a stable, human-readable id such as id="hero-title" or id="scene-1-card" to every timeline-visible element you want agents or Studio to edit.
  ⚠ studio_missing_editable_id: <div class="cap" data-start="44.74"> has no id, so Studio cannot use a stable edit target for its timeline and canvas controls.
    Fix: Add a stable, human-readable id such as id="hero-title" or id="scene-1-card" to every timeline-visible element you want agents or Studio to edit.
  ⚠ studio_missing_editable_id: <div class="cap" data-start="48.12"> has no id, so Studio cannot use a stable edit target for its timeline and canvas controls.
    Fix: Add a stable, human-readable id such as id="hero-title" or id="scene-1-card" to every timeline-visible element you want agents or Studio to edit.
  ⚠ studio_missing_editable_id: <div class="cap" data-start="50.91"> has no id, so Studio cannot use a stable edit target for its timeline and canvas controls.
    Fix: Add a stable, human-readable id such as id="hero-title" or id="scene-1-card" to every timeline-visible element you want agents or Studio to edit.
  ⚠ studio_missing_editable_id: <div class="cap" data-start="53.83"> has no id, so Studio cannot use a stable edit target for its timeline and canvas controls.
    Fix: Add a stable, human-readable id such as id="hero-title" or id="scene-1-card" to every timeline-visible element you want agents or Studio to edit.
  ⚠ studio_missing_editable_id: <div class="cap" data-start="55.61"> has no id, so Studio cannot use a stable edit target for its timeline and canvas controls.
    Fix: Add a stable, human-readable id such as id="hero-title" or id="scene-1-card" to every timeline-visible element you want agents or Studio to edit.
  ⚠ studio_missing_editable_id: <div class="cap" data-start="58.75"> has no id, so Studio cannot use a stable edit target for its timeline and canvas controls.
    Fix: Add a stable, human-readable id such as id="hero-title" or id="scene-1-card" to every timeline-visible element you want agents or Studio to edit.
  ⚠ duplicate_media_discovery_risk: Detected 2 matching img entries with the same source/start/duration.
    Fix: Avoid duplicated media nodes that can be discovered twice during compilation.
  Continuing render despite lint issues. Use --strict to block errors.

[INFO] [Render] Pipeline started {"renderJobId":"817996ed-db2a-492a-b9f0-f202bcf5eecb","platform":"darwin","arch":"arm64","nodeVersion":"v24.21.0","fps":{"num":30,"den":1},"format":"mp4","quality":"standard","browserGpuMode":"auto","forceScreenshot":false,"protocolTimeout":300000,"browserTimeout":120000,"pageNavigationTimeout":60000,"playerReadyTimeout":45000}
[INFO] [Render:trace] {"renderJobId":"817996ed-db2a-492a-b9f0-f202bcf5eecb","phase":"pipeline","status":"checkpoint","elapsedMs":1,"message":"started","format":"mp4","quality":"standard","browserGpuMode":"auto","forceScreenshot":false,"protocolTimeoutMs":300000,"pageNavigationTimeoutMs":60000,"playerReadyTimeoutMs":45000,"requestedWorkers":"auto"}
[INFO] [Render:trace] {"renderJobId":"817996ed-db2a-492a-b9f0-f202bcf5eecb","phase":"compile","status":"start","elapsedMs":2,"needsAlpha":false}
  █░░░░░░░░░░░░░░░░░░░░░░░░  5%  Compiling composition
[INFO] [Compiler] Fetched 4 font face(s) for "Space Mono" from Google Fonts (cached to /Users/bliss/.cache/hyperframes/fonts/space-mono)
[INFO] [Compiler] Fetched 9 font face(s) for "Big Shoulders Display" from Google Fonts (cached to /Users/bliss/.cache/hyperframes/fonts/big-shoulders-display)
[INFO] [Compiler] Injected deterministic @font-face rules for 2 requested font families
[INFO] [Compiler] Inlined CDN script: https://cdn.jsdelivr.net/npm/gsap@3.14.2/dist/gsap.min.js
[INFO] [Compiler] Inlined CDN script: https://cdn.jsdelivr.net/npm/gsap@3.14.2/dist/TextPlugin.min.js
[INFO] [Render] Fast capture: composition uses a CSS 3D rendering context (perspective / preserve-3d / backface-visibility) — disabling drawElementImage for this render. Capture uses the platform's baseline route. {"renderJobId":"817996ed-db2a-492a-b9f0-f202bcf5eecb"}
[INFO] Compiled composition metadata {"renderJobId":"817996ed-db2a-492a-b9f0-f202bcf5eecb","entryFile":"index.html","staticDuration":61.03,"width":1920,"height":1080,"videoCount":2,"audioCount":0,"renderModeHints":{"recommendScreenshot":false,"reasons":[]}}
[INFO] [Render:trace] {"renderJobId":"817996ed-db2a-492a-b9f0-f202bcf5eecb","phase":"compile","status":"end","elapsedMs":387,"durationMs":385,"needsAlpha":false}
[INFO] [Render:trace] {"renderJobId":"817996ed-db2a-492a-b9f0-f202bcf5eecb","phase":"compile","status":"checkpoint","elapsedMs":388,"message":"composition metadata resolved","width":1920,"height":1080,"videoCount":2,"audioCount":0,"imageCount":3,"deviceScaleFactor":1,"forceScreenshot":false,"compositionHash":"05945e142db4d007"}
[INFO] [Render:trace] {"renderJobId":"817996ed-db2a-492a-b9f0-f202bcf5eecb","phase":"browser_probe","status":"start","elapsedMs":388,"forceScreenshot":false,"stagePhase":"calibrating"}
[INFO] [Render:trace] {"renderJobId":"817996ed-db2a-492a-b9f0-f202bcf5eecb","phase":"browser_probe","status":"end","elapsedMs":396,"durationMs":8,"forceScreenshot":false,"stagePhase":"calibrating"}
[INFO] [Render:trace] {"renderJobId":"817996ed-db2a-492a-b9f0-f202bcf5eecb","phase":"browser_probe","status":"checkpoint","elapsedMs":397,"message":"duration resolved","durationSeconds":61.03,"totalFrames":1831,"compositionHash":"05945e142db4d007","beginFrameStalled":false}
[INFO] [Render:trace] {"renderJobId":"817996ed-db2a-492a-b9f0-f202bcf5eecb","phase":"video_extract","status":"start","elapsedMs":397,"videoCount":2}
[INFO] Probing video color spaces... {"renderJobId":"817996ed-db2a-492a-b9f0-f202bcf5eecb","videoCount":2}
  ██░░░░░░░░░░░░░░░░░░░░░░░  10%  Extracting video frames
[INFO] Extracting frames from video 1/2 {"renderJobId":"817996ed-db2a-492a-b9f0-f202bcf5eecb","sourceType":"local"}
[INFO] Extracting frames from video 2/2 {"renderJobId":"817996ed-db2a-492a-b9f0-f202bcf5eecb","sourceType":"local"}
[INFO] [Render:trace] {"renderJobId":"817996ed-db2a-492a-b9f0-f202bcf5eecb","phase":"video_extract","status":"end","elapsedMs":410,"durationMs":13,"videoCount":2}
[INFO] [Render:trace] {"renderJobId":"817996ed-db2a-492a-b9f0-f202bcf5eecb","phase":"video_extract","status":"checkpoint","elapsedMs":412,"message":"frames resolved","videoCount":2,"extractedVideoCount":2,"totalFramesExtracted":1000,"maxFramesPerVideo":515,"avgFramesPerExtractedVideo":500,"vfrPreflightCount":0,"vfrPreflightMs":0,"cacheHits":2,"cacheMisses":0,"transientRetries":0,"minVideoFrameCoverageRatio":1,"authoredTimedClipCount":24}
[INFO] [Render] No HDR sources detected — rendering SDR {"renderJobId":"817996ed-db2a-492a-b9f0-f202bcf5eecb"}
[INFO] [Render:trace] {"renderJobId":"817996ed-db2a-492a-b9f0-f202bcf5eecb","phase":"hdr_detection","status":"checkpoint","elapsedMs":412,"message":"resolved","requestedHdrMode":"auto","effectiveHdr":"sdr","nativeHdrVideoCount":0,"nativeHdrImageCount":0}
[INFO] [Render:trace] {"renderJobId":"817996ed-db2a-492a-b9f0-f202bcf5eecb","phase":"audio_process","status":"start","elapsedMs":412,"audioCount":0}
  █████░░░░░░░░░░░░░░░░░░░░  20%  Processing audio tracks
[INFO] [Render:trace] {"renderJobId":"817996ed-db2a-492a-b9f0-f202bcf5eecb","phase":"audio_process","status":"end","elapsedMs":412,"durationMs":0,"audioCount":0}
[INFO] [Render:trace] {"renderJobId":"817996ed-db2a-492a-b9f0-f202bcf5eecb","phase":"file_server","status":"start","elapsedMs":412,"reused":false}
  ██████░░░░░░░░░░░░░░░░░░░  25%  Starting frame capture
[INFO] [Render:trace] {"renderJobId":"817996ed-db2a-492a-b9f0-f202bcf5eecb","phase":"file_server","status":"end","elapsedMs":415,"durationMs":3}
[WARN] [Compiler] WARNING: Video "s0v" has sparse keyframes (max interval: 8.33s). This causes seek failures and frame freezing. Re-encode with: ffmpeg -i "assets/card-04a-dos-lugares-ch5-0.mp4" -c:v libx264 -r 30 -g 30 -keyint_min 30 -movflags +faststart -c:a copy output.mp4
[WARN] [Compiler] WARNING: Video "s1v" has sparse keyframes (max interval: 8.33s). This causes seek failures and frame freezing. Re-encode with: ffmpeg -i "assets/card-04b-frontera-ch5-1.mp4" -c:v libx264 -r 30 -g 30 -keyint_min 30 -movflags +faststart -c:a copy output.mp4
[hyperframes] browserGpuMode probe → hardware (WebGL renderer vendor="Google Inc. (Apple)" renderer="ANGLE (Apple, ANGLE Metal Renderer: Apple M4, Unspecified Version)")
[INFO] [Render:trace] {"renderJobId":"817996ed-db2a-492a-b9f0-f202bcf5eecb","phase":"capture_calibration","status":"start","elapsedMs":669,"stagePhase":"calibrating","forceScreenshot":false,"totalFrames":1831,"framesCompleted":0,"captureMode":"beginframe","captureOperation":"beginFrame"}
[INFO] [Render] Calibration config {"renderJobId":"817996ed-db2a-492a-b9f0-f202bcf5eecb","protocolTimeout":30000,"parentProtocolTimeout":300000,"forceScreenshot":false,"totalFrames":1831}
[INFO] Launching browser for capture calibration... {"renderJobId":"817996ed-db2a-492a-b9f0-f202bcf5eecb"}
[BrowserManager] Browser launched (HeadlessChrome/152.0.7977.30, screenshot, gl=--use-gl=angle --use-angle=metal, headlessShell=true, platform=darwin)
[INFO] Initializing calibration session... {"renderJobId":"817996ed-db2a-492a-b9f0-f202bcf5eecb"}
[initSession:screenshot] page.goto start (0ms)
[HyperFrames] render runtime fps [object Object]
[Browser:WARN] GSAP target #s1 > * not found. https://gsap.com
[initSession:screenshot] page.goto complete (229ms)
[initSession:screenshot] GSAP proxy flush complete (231ms)
[initSession:screenshot] pollHfReady complete (231ms)
[initSession:screenshot] pollSubCompositionTimelines complete (ready) (232ms)
[initSession:screenshot] applyVideoMetadataHints complete (233ms)
[initSession:screenshot] media + fonts + tailwind ready (262ms)
[initSession:screenshot] captureBeyondViewport downgraded: page content fits the capture viewport (265ms)
[initSession:screenshot] static-frame dedup: disabled (before-capture hook / video injection active) (265ms)
[INFO] Calibration session ready, capturing test frames... {"renderJobId":"817996ed-db2a-492a-b9f0-f202bcf5eecb"}
[INFO] Calibration: capturing test frame 1/5... {"renderJobId":"817996ed-db2a-492a-b9f0-f202bcf5eecb"}
[INFO] Calibration: capturing test frame 2/5... {"renderJobId":"817996ed-db2a-492a-b9f0-f202bcf5eecb"}
[INFO] Calibration: capturing test frame 3/5... {"renderJobId":"817996ed-db2a-492a-b9f0-f202bcf5eecb"}
[Browser:WARN] GSAP target  not found. https://gsap.com
[INFO] Calibration: capturing test frame 4/5... {"renderJobId":"817996ed-db2a-492a-b9f0-f202bcf5eecb"}
[INFO] Calibration: capturing test frame 5/5... {"renderJobId":"817996ed-db2a-492a-b9f0-f202bcf5eecb"}
[INFO] Calibration complete, estimated cost: 67ms/frame (p95) {"renderJobId":"817996ed-db2a-492a-b9f0-f202bcf5eecb"}
[INFO] [Render:trace] {"renderJobId":"817996ed-db2a-492a-b9f0-f202bcf5eecb","phase":"capture_calibration","status":"end","elapsedMs":1349,"durationMs":680,"stagePhase":"calibrating","forceScreenshot":false,"totalFrames":1831,"framesCompleted":0,"captureMode":"beginframe","captureOperation":"beginFrame"}
[INFO] [Render:trace] {"renderJobId":"817996ed-db2a-492a-b9f0-f202bcf5eecb","phase":"capture_calibration","status":"checkpoint","elapsedMs":1350,"message":"resolved","forceScreenshot":false,"multiplier":1,"p95Ms":67}
[INFO] [Render:trace] {"renderJobId":"817996ed-db2a-492a-b9f0-f202bcf5eecb","phase":"worker_resolution","status":"checkpoint","elapsedMs":1350,"message":"resolved","workerCount":4}
[INFO] streaming-encode gate {"renderJobId":"817996ed-db2a-492a-b9f0-f202bcf5eecb","enabled":false,"configFlag":true,"outputFormat":"mp4","workerCount":4,"durationSeconds":61.03,"maxDurationSeconds":240}
[INFO] [Render:trace] {"renderJobId":"817996ed-db2a-492a-b9f0-f202bcf5eecb","phase":"capture_strategy","status":"checkpoint","elapsedMs":1350,"message":"resolved","workerCount":4,"forceScreenshot":false,"captureBeyondViewport":true,"useStreamingEncode":false,"useLayeredComposite":false,"usePageSideCompositing":false,"hasHdrContent":false,"hasShaderTransitions":false,"isPngSequence":false}
[INFO] [Render:trace] {"renderJobId":"817996ed-db2a-492a-b9f0-f202bcf5eecb","phase":"capture_disk","status":"start","elapsedMs":1351,"stagePhase":"capturing","needsAlpha":false,"workerCount":4,"forceScreenshot":false,"totalFrames":1831,"framesCompleted":0,"captureMode":"beginframe","captureOperation":"beginFrame"}
[BrowserManager] Browser launched (HeadlessChrome/152.0.7977.30, screenshot, gl=--use-gl=angle --use-angle=metal, headlessShell=true, platform=darwin)
[initSession:screenshot] page.goto start (0ms)
[initSession:screenshot] page.goto start (0ms)
[initSession:screenshot] page.goto start (0ms)
[initSession:screenshot] page.goto start (0ms)
[HyperFrames] render runtime fps [object Object]
[HyperFrames] render runtime fps [object Object]
[HyperFrames] render runtime fps [object Object]
[HyperFrames] render runtime fps [object Object]
[Browser:WARN] GSAP target #s1 > * not found. https://gsap.com
[Browser:WARN] GSAP target #s1 > * not found. https://gsap.com
[Browser:WARN] GSAP target #s1 > * not found. https://gsap.com
[initSession:screenshot] page.goto complete (220ms)
[Browser:WARN] GSAP target #s1 > * not found. https://gsap.com
[initSession:screenshot] page.goto complete (240ms)
[initSession:screenshot] page.goto complete (271ms)
[initSession:screenshot] page.goto complete (275ms)
[initSession:screenshot] GSAP proxy flush complete (282ms)
[initSession:screenshot] GSAP proxy flush complete (284ms)
[initSession:screenshot] GSAP proxy flush complete (283ms)
[initSession:screenshot] GSAP proxy flush complete (285ms)
[initSession:screenshot] pollHfReady complete (283ms)
[initSession:screenshot] pollHfReady complete (285ms)
[initSession:screenshot] pollHfReady complete (284ms)
[initSession:screenshot] pollHfReady complete (285ms)
[initSession:screenshot] pollSubCompositionTimelines complete (ready) (284ms)
[initSession:screenshot] pollSubCompositionTimelines complete (ready) (287ms)
[initSession:screenshot] pollSubCompositionTimelines complete (ready) (286ms)
[initSession:screenshot] pollSubCompositionTimelines complete (ready) (287ms)
[initSession:screenshot] applyVideoMetadataHints complete (285ms)
[initSession:screenshot] applyVideoMetadataHints complete (288ms)
[initSession:screenshot] applyVideoMetadataHints complete (289ms)
[initSession:screenshot] applyVideoMetadataHints complete (290ms)
[initSession:screenshot] media + fonts + tailwind ready (299ms)
[initSession:screenshot] media + fonts + tailwind ready (301ms)
[initSession:screenshot] media + fonts + tailwind ready (301ms)
[initSession:screenshot] media + fonts + tailwind ready (302ms)
[initSession:screenshot] captureBeyondViewport downgraded: page content fits the capture viewport (302ms)
[initSession:screenshot] static-frame dedup: disabled (before-capture hook / video injection active) (302ms)
[initSession:screenshot] captureBeyondViewport downgraded: page content fits the capture viewport (304ms)
[initSession:screenshot] static-frame dedup: disabled (before-capture hook / video injection active) (304ms)
[initSession:screenshot] captureBeyondViewport downgraded: page content fits the capture viewport (304ms)
[initSession:screenshot] static-frame dedup: disabled (before-capture hook / video injection active) (304ms)
[initSession:screenshot] captureBeyondViewport downgraded: page content fits the capture viewport (305ms)
[initSession:screenshot] static-frame dedup: disabled (before-capture hook / video injection active) (305ms)
[Browser:WARN] GSAP target  not found. https://gsap.com
[Browser:WARN] GSAP target  not found. https://gsap.com
  ██████░░░░░░░░░░░░░░░░░░░  26%  Capturing frame 30/1831 (4 workers)
  ██████░░░░░░░░░░░░░░░░░░░  26%  Capturing frame 60/1831 (4 workers)
  ██████░░░░░░░░░░░░░░░░░░░  27%  Capturing frame 90/1831 (4 workers)
  ███████░░░░░░░░░░░░░░░░░░  28%  Capturing frame 120/1831 (4 workers)
  ███████░░░░░░░░░░░░░░░░░░  29%  Capturing frame 150/1831 (4 workers)
  ███████░░░░░░░░░░░░░░░░░░  29%  Capturing frame 180/1831 (4 workers)
  ███████░░░░░░░░░░░░░░░░░░  30%  Capturing frame 210/1831 (4 workers)
  ███████░░░░░░░░░░░░░░░░░░  31%  Capturing frame 240/1831 (4 workers)
[Browser:WARN] GSAP target  not found. https://gsap.com
  ████████░░░░░░░░░░░░░░░░░  32%  Capturing frame 270/1831 (4 workers)
  ████████░░░░░░░░░░░░░░░░░  32%  Capturing frame 300/1831 (4 workers)
  ████████░░░░░░░░░░░░░░░░░  33%  Capturing frame 330/1831 (4 workers)
  ████████░░░░░░░░░░░░░░░░░  34%  Capturing frame 360/1831 (4 workers)
  ████████░░░░░░░░░░░░░░░░░  35%  Capturing frame 390/1831 (4 workers)
  ████████░░░░░░░░░░░░░░░░░  35%  Capturing frame 420/1831 (4 workers)
  █████████░░░░░░░░░░░░░░░░  36%  Capturing frame 450/1831 (4 workers)
  █████████░░░░░░░░░░░░░░░░  37%  Capturing frame 480/1831 (4 workers)
  █████████░░░░░░░░░░░░░░░░  38%  Capturing frame 510/1831 (4 workers)
  █████████░░░░░░░░░░░░░░░░  38%  Capturing frame 540/1831 (4 workers)
  █████████░░░░░░░░░░░░░░░░  39%  Capturing frame 570/1831 (4 workers)
  ██████████░░░░░░░░░░░░░░░  40%  Capturing frame 600/1831 (4 workers)
  ██████████░░░░░░░░░░░░░░░  40%  Capturing frame 630/1831 (4 workers)
  ██████████░░░░░░░░░░░░░░░  41%  Capturing frame 660/1831 (4 workers)
  ██████████░░░░░░░░░░░░░░░  42%  Capturing frame 690/1831 (4 workers)
  ██████████░░░░░░░░░░░░░░░  43%  Capturing frame 720/1831 (4 workers)
  ██████████░░░░░░░░░░░░░░░  43%  Capturing frame 750/1831 (4 workers)
  ███████████░░░░░░░░░░░░░░  44%  Capturing frame 780/1831 (4 workers)
  ███████████░░░░░░░░░░░░░░  45%  Capturing frame 810/1831 (4 workers)
  ███████████░░░░░░░░░░░░░░  46%  Capturing frame 840/1831 (4 workers)
  ███████████░░░░░░░░░░░░░░  46%  Capturing frame 870/1831 (4 workers)
  ███████████░░░░░░░░░░░░░░  47%  Capturing frame 900/1831 (4 workers)
  ████████████░░░░░░░░░░░░░  48%  Capturing frame 930/1831 (4 workers)
  ████████████░░░░░░░░░░░░░  49%  Capturing frame 960/1831 (4 workers)
  ████████████░░░░░░░░░░░░░  49%  Capturing frame 990/1831 (4 workers)
  ████████████░░░░░░░░░░░░░  50%  Capturing frame 1020/1831 (4 workers)
  ████████████░░░░░░░░░░░░░  51%  Capturing frame 1050/1831 (4 workers)
  █████████████░░░░░░░░░░░░  52%  Capturing frame 1080/1831 (4 workers)
  █████████████░░░░░░░░░░░░  52%  Capturing frame 1110/1831 (4 workers)
  █████████████░░░░░░░░░░░░  53%  Capturing frame 1140/1831 (4 workers)
  █████████████░░░░░░░░░░░░  54%  Capturing frame 1170/1831 (4 workers)
  █████████████░░░░░░░░░░░░  54%  Capturing frame 1200/1831 (4 workers)
  █████████████░░░░░░░░░░░░  55%  Capturing frame 1230/1831 (4 workers)
  ██████████████░░░░░░░░░░░  56%  Capturing frame 1260/1831 (4 workers)
  ██████████████░░░░░░░░░░░  57%  Capturing frame 1290/1831 (4 workers)
  ██████████████░░░░░░░░░░░  57%  Capturing frame 1320/1831 (4 workers)
  ██████████████░░░░░░░░░░░  58%  Capturing frame 1350/1831 (4 workers)
  ██████████████░░░░░░░░░░░  59%  Capturing frame 1380/1831 (4 workers)
  ███████████████░░░░░░░░░░  60%  Capturing frame 1410/1831 (4 workers)
  ███████████████░░░░░░░░░░  60%  Capturing frame 1440/1831 (4 workers)
  ███████████████░░░░░░░░░░  61%  Capturing frame 1470/1831 (4 workers)
  ███████████████░░░░░░░░░░  62%  Capturing frame 1500/1831 (4 workers)
  ███████████████░░░░░░░░░░  63%  Capturing frame 1530/1831 (4 workers)
  ███████████████░░░░░░░░░░  63%  Capturing frame 1560/1831 (4 workers)
  ████████████████░░░░░░░░░  64%  Capturing frame 1590/1831 (4 workers)
  ████████████████░░░░░░░░░  65%  Capturing frame 1620/1831 (4 workers)
  ████████████████░░░░░░░░░  66%  Capturing frame 1650/1831 (4 workers)
  ████████████████░░░░░░░░░  66%  Capturing frame 1680/1831 (4 workers)
  ████████████████░░░░░░░░░  67%  Capturing frame 1710/1831 (4 workers)
  █████████████████░░░░░░░░  68%  Capturing frame 1740/1831 (4 workers)
  █████████████████░░░░░░░░  69%  Capturing frame 1770/1831 (4 workers)
  █████████████████░░░░░░░░  69%  Capturing frame 1800/1831 (4 workers)
  █████████████████░░░░░░░░  70%  Capturing frame 1830/1831 (4 workers)
  █████████████████░░░░░░░░  70%  Capturing frame 1831/1831 (4 workers)
[INFO] [Render:trace] {"renderJobId":"817996ed-db2a-492a-b9f0-f202bcf5eecb","phase":"capture_disk","status":"end","elapsedMs":30496,"durationMs":29145,"stagePhase":"capturing","needsAlpha":false,"workerCount":4,"forceScreenshot":false,"totalFrames":1831,"framesCompleted":1831,"captureMode":"beginframe","captureOperation":"encode"}
[INFO] [Render:trace] {"renderJobId":"817996ed-db2a-492a-b9f0-f202bcf5eecb","phase":"encode","status":"start","elapsedMs":30497,"stagePhase":"capturing","hasAudio":false,"isPngSequence":false,"isGif":false,"chunkedEncode":false,"workerCount":4,"forceScreenshot":false,"totalFrames":1831,"framesCompleted":1831,"captureMode":"beginframe","captureOperation":"encode"}
  ██████████████████░░░░░░░  75%  Encoding video
[INFO] [Render:trace] {"renderJobId":"817996ed-db2a-492a-b9f0-f202bcf5eecb","phase":"encode","status":"end","elapsedMs":41306,"durationMs":10809,"stagePhase":"capturing","hasAudio":false,"isPngSequence":false,"isGif":false,"chunkedEncode":false,"workerCount":4,"forceScreenshot":false,"totalFrames":1831,"framesCompleted":1831,"captureMode":"beginframe","captureOperation":"encode"}
[INFO] [Render:trace] {"renderJobId":"817996ed-db2a-492a-b9f0-f202bcf5eecb","phase":"assemble","status":"start","elapsedMs":41307,"stagePhase":"capturing","hasAudio":false,"workerCount":4,"forceScreenshot":false,"totalFrames":1831,"framesCompleted":1831,"captureMode":"beginframe","captureOperation":"encode"}
  ██████████████████████░░░  90%  Assembling final video
[INFO] [Render:trace] {"renderJobId":"817996ed-db2a-492a-b9f0-f202bcf5eecb","phase":"assemble","status":"end","elapsedMs":41360,"durationMs":53,"stagePhase":"capturing","hasAudio":false,"workerCount":4,"forceScreenshot":false,"totalFrames":1831,"framesCompleted":1831,"captureMode":"beginframe","captureOperation":"encode"}
[INFO] [Render:trace] {"renderJobId":"817996ed-db2a-492a-b9f0-f202bcf5eecb","phase":"pipeline","status":"checkpoint","elapsedMs":41413,"message":"artifact validated","totalElapsedMs":41402}
  █████████████████████████  100%  Render complete

◇  /Users/bliss/fixter2025/docs/eve-tutorial/long/ch5/renders/ch5_2026-09-17_12-57-53.mp4
   3.7 MB · 1m 1.0s video · rendered in 41.9s
