
◆  Rendering 02a-por-que-world → /Users/bliss/fixter2025/docs/eve-tutorial/cards/02a-por-que-world/renders/02a-por-que-world_2026-09-17_09-31-26.mp4
   30fps · standard · auto workers (10 cores detected)
   GPU: browser GPU (auto-detect)

[?25l│
◇  Browser: cache
[?25h[INFO] [Render] Pipeline started {"renderJobId":"518ad7f5-c623-413d-9b3f-a904bbe0c037","platform":"darwin","arch":"arm64","nodeVersion":"v22.16.0","fps":{"num":30,"den":1},"format":"mp4","quality":"standard","browserGpuMode":"auto","forceScreenshot":false,"protocolTimeout":300000,"browserTimeout":120000,"pageNavigationTimeout":60000,"playerReadyTimeout":45000}
[INFO] [Render:trace] {"renderJobId":"518ad7f5-c623-413d-9b3f-a904bbe0c037","phase":"pipeline","status":"checkpoint","elapsedMs":1,"message":"started","format":"mp4","quality":"standard","browserGpuMode":"auto","forceScreenshot":false,"protocolTimeoutMs":300000,"pageNavigationTimeoutMs":60000,"playerReadyTimeoutMs":45000,"requestedWorkers":"auto"}
[INFO] [Render:trace] {"renderJobId":"518ad7f5-c623-413d-9b3f-a904bbe0c037","phase":"compile","status":"start","elapsedMs":2,"needsAlpha":false}
  █░░░░░░░░░░░░░░░░░░░░░░░░  5%  Compiling composition
[INFO] [Compiler] Fetched 11 font face(s) for "Inter" from Google Fonts (cached to /Users/bliss/.cache/hyperframes/fonts/inter)
[INFO] [Compiler] Fetched 10 font face(s) for "JetBrains Mono" from Google Fonts (cached to /Users/bliss/.cache/hyperframes/fonts/jetbrains-mono)
[INFO] [Compiler] Injected deterministic @font-face rules for 2 requested font families
[INFO] [Compiler] Inlined CDN script: https://cdn.jsdelivr.net/npm/gsap@3.14.2/dist/gsap.min.js
[INFO] Compiled composition metadata {"renderJobId":"518ad7f5-c623-413d-9b3f-a904bbe0c037","entryFile":"index.html","staticDuration":12,"width":1920,"height":1080,"videoCount":0,"audioCount":0,"renderModeHints":{"recommendScreenshot":false,"reasons":[]}}
[INFO] [Render:trace] {"renderJobId":"518ad7f5-c623-413d-9b3f-a904bbe0c037","phase":"compile","status":"end","elapsedMs":273,"durationMs":271,"needsAlpha":false}
[INFO] [Render:trace] {"renderJobId":"518ad7f5-c623-413d-9b3f-a904bbe0c037","phase":"compile","status":"checkpoint","elapsedMs":274,"message":"composition metadata resolved","width":1920,"height":1080,"videoCount":0,"audioCount":0,"imageCount":0,"deviceScaleFactor":1,"forceScreenshot":false,"compositionHash":"90afa762114d7d51"}
[INFO] [Render:trace] {"renderJobId":"518ad7f5-c623-413d-9b3f-a904bbe0c037","phase":"browser_probe","status":"start","elapsedMs":274,"forceScreenshot":false,"stagePhase":"calibrating"}
[INFO] [Render:trace] {"renderJobId":"518ad7f5-c623-413d-9b3f-a904bbe0c037","phase":"browser_probe","status":"end","elapsedMs":277,"durationMs":3,"forceScreenshot":false,"stagePhase":"calibrating"}
[INFO] [Render:trace] {"renderJobId":"518ad7f5-c623-413d-9b3f-a904bbe0c037","phase":"browser_probe","status":"checkpoint","elapsedMs":277,"message":"duration resolved","durationSeconds":12,"totalFrames":360,"compositionHash":"90afa762114d7d51","beginFrameStalled":false}
[INFO] [Render:trace] {"renderJobId":"518ad7f5-c623-413d-9b3f-a904bbe0c037","phase":"video_extract","status":"start","elapsedMs":277,"videoCount":0}
  ██░░░░░░░░░░░░░░░░░░░░░░░  10%  Extracting video frames
[INFO] [Render:trace] {"renderJobId":"518ad7f5-c623-413d-9b3f-a904bbe0c037","phase":"video_extract","status":"end","elapsedMs":278,"durationMs":1,"videoCount":0}
[INFO] [Render:trace] {"renderJobId":"518ad7f5-c623-413d-9b3f-a904bbe0c037","phase":"video_extract","status":"checkpoint","elapsedMs":279,"message":"frames resolved","videoCount":0,"extractedVideoCount":0,"totalFramesExtracted":0,"maxFramesPerVideo":0,"avgFramesPerExtractedVideo":null,"vfrPreflightCount":null,"vfrPreflightMs":null,"cacheHits":null,"cacheMisses":null,"transientRetries":null,"minVideoFrameCoverageRatio":null,"authoredTimedClipCount":2}
[INFO] [Render] No HDR sources detected — rendering SDR {"renderJobId":"518ad7f5-c623-413d-9b3f-a904bbe0c037"}
[INFO] [Render:trace] {"renderJobId":"518ad7f5-c623-413d-9b3f-a904bbe0c037","phase":"hdr_detection","status":"checkpoint","elapsedMs":279,"message":"resolved","requestedHdrMode":"auto","effectiveHdr":"sdr","nativeHdrVideoCount":0,"nativeHdrImageCount":0}
[INFO] [Render:trace] {"renderJobId":"518ad7f5-c623-413d-9b3f-a904bbe0c037","phase":"audio_process","status":"start","elapsedMs":279,"audioCount":0}
[INFO] [Render:trace] {"renderJobId":"518ad7f5-c623-413d-9b3f-a904bbe0c037","phase":"audio_process","status":"end","elapsedMs":279,"durationMs":0,"audioCount":0}
  █████░░░░░░░░░░░░░░░░░░░░  20%  Processing audio tracks
[INFO] [Render:trace] {"renderJobId":"518ad7f5-c623-413d-9b3f-a904bbe0c037","phase":"file_server","status":"start","elapsedMs":279,"reused":false}
  ██████░░░░░░░░░░░░░░░░░░░  25%  Starting frame capture
[INFO] [Render:trace] {"renderJobId":"518ad7f5-c623-413d-9b3f-a904bbe0c037","phase":"file_server","status":"end","elapsedMs":281,"durationMs":2}
[hyperframes] browserGpuMode probe → hardware (WebGL renderer vendor="Google Inc. (Apple)" renderer="ANGLE (Apple, ANGLE Metal Renderer: Apple M4, Unspecified Version)")
[INFO] [Render:trace] {"renderJobId":"518ad7f5-c623-413d-9b3f-a904bbe0c037","phase":"capture_calibration","status":"start","elapsedMs":414,"stagePhase":"calibrating","forceScreenshot":false,"totalFrames":360,"framesCompleted":0,"captureMode":"drawelement","captureOperation":"drawElement"}
[INFO] [Render] Calibration config {"renderJobId":"518ad7f5-c623-413d-9b3f-a904bbe0c037","protocolTimeout":30000,"parentProtocolTimeout":300000,"forceScreenshot":false,"totalFrames":360}
[INFO] Launching browser for capture calibration... {"renderJobId":"518ad7f5-c623-413d-9b3f-a904bbe0c037"}
[BrowserManager] Browser launched (HeadlessChrome/152.0.7977.30, screenshot, gl=--use-gl=angle --use-angle=metal, headlessShell=true, platform=darwin)
[INFO] Initializing calibration session... {"renderJobId":"518ad7f5-c623-413d-9b3f-a904bbe0c037"}
[initSession:screenshot] page.goto start (0ms)
[HyperFrames] render runtime fps [object Object]
[initSession:screenshot] page.goto complete (112ms)
[initSession:screenshot] GSAP proxy flush complete (113ms)
[initSession:screenshot] pollHfReady complete (113ms)
[initSession:screenshot] pollSubCompositionTimelines complete (ready) (114ms)
[initSession:screenshot] applyVideoMetadataHints complete (114ms)
[initSession:screenshot] media + fonts + tailwind ready (115ms)
[initSession:screenshot] timeline at-risk predictor: 0/360 frames (0%) (156ms)
[initSession:screenshot] static-frame dedup: 150/150 predicted frame(s) reusable (outcome=verified, runs=8/8, screenshots=32, seeks=33, elapsedMs=1269) (1427ms)
[initSession:screenshot] drawElement self-verify armed: 4 ground-truth frame(s) @ [90, 180, 270, 342] of 360 (1792ms)
[initSession:drawelement] drawElement canvas injected (1793ms)
[initSession:drawelement] screenshot fallback: 5 clip-boundary frame(s) (1794ms)
[initSession:drawelement] drawElement worker encode initialized (1795ms)
[INFO] Calibration session ready, capturing test frames... {"renderJobId":"518ad7f5-c623-413d-9b3f-a904bbe0c037"}
[INFO] Calibration: capturing test frame 1/5... {"renderJobId":"518ad7f5-c623-413d-9b3f-a904bbe0c037"}
[INFO] Calibration: capturing test frame 2/5... {"renderJobId":"518ad7f5-c623-413d-9b3f-a904bbe0c037"}
[INFO] Calibration: capturing test frame 3/5... {"renderJobId":"518ad7f5-c623-413d-9b3f-a904bbe0c037"}
[INFO] Calibration: capturing test frame 4/5... {"renderJobId":"518ad7f5-c623-413d-9b3f-a904bbe0c037"}
[INFO] Calibration: capturing test frame 5/5... {"renderJobId":"518ad7f5-c623-413d-9b3f-a904bbe0c037"}
[INFO] Calibration complete, estimated cost: 33ms/frame (p95) {"renderJobId":"518ad7f5-c623-413d-9b3f-a904bbe0c037"}
[INFO] [Render:trace] {"renderJobId":"518ad7f5-c623-413d-9b3f-a904bbe0c037","phase":"capture_calibration","status":"end","elapsedMs":2474,"durationMs":2060,"stagePhase":"calibrating","forceScreenshot":false,"totalFrames":360,"framesCompleted":0,"captureMode":"drawelement","captureOperation":"drawElement"}
[INFO] [Render:trace] {"renderJobId":"518ad7f5-c623-413d-9b3f-a904bbe0c037","phase":"capture_calibration","status":"checkpoint","elapsedMs":2474,"message":"resolved","forceScreenshot":false,"multiplier":1,"p95Ms":33}
[INFO] [Render:trace] {"renderJobId":"518ad7f5-c623-413d-9b3f-a904bbe0c037","phase":"worker_resolution","status":"checkpoint","elapsedMs":2474,"message":"resolved","workerCount":4}
[INFO] streaming-encode gate {"renderJobId":"518ad7f5-c623-413d-9b3f-a904bbe0c037","enabled":false,"configFlag":true,"outputFormat":"mp4","workerCount":4,"durationSeconds":12,"maxDurationSeconds":240}
[INFO] [Render] Fast capture: default-on drawElement disabled for this render — parallel capture has no runtime self-verification. Set PRODUCER_EXPERIMENTAL_FAST_CAPTURE=true to override. {"renderJobId":"518ad7f5-c623-413d-9b3f-a904bbe0c037"}
[INFO] [Render:trace] {"renderJobId":"518ad7f5-c623-413d-9b3f-a904bbe0c037","phase":"capture_strategy","status":"checkpoint","elapsedMs":2474,"message":"resolved","workerCount":4,"forceScreenshot":false,"captureBeyondViewport":null,"useStreamingEncode":false,"useLayeredComposite":false,"usePageSideCompositing":false,"hasHdrContent":false,"hasShaderTransitions":false,"isPngSequence":false}
[INFO] [Render:trace] {"renderJobId":"518ad7f5-c623-413d-9b3f-a904bbe0c037","phase":"capture_disk","status":"start","elapsedMs":2475,"stagePhase":"capturing","needsAlpha":false,"workerCount":4,"forceScreenshot":false,"totalFrames":360,"framesCompleted":0,"captureMode":"beginframe","captureOperation":"beginFrame"}
[BrowserManager] Browser launched (HeadlessChrome/152.0.7977.30, screenshot, gl=--use-gl=angle --use-angle=metal, headlessShell=true, platform=darwin)
[initSession:screenshot] page.goto start (0ms)
[initSession:screenshot] page.goto start (0ms)
[initSession:screenshot] page.goto start (0ms)
[initSession:screenshot] page.goto start (0ms)
[HyperFrames] render runtime fps [object Object]
[HyperFrames] render runtime fps [object Object]
[HyperFrames] render runtime fps [object Object]
[initSession:screenshot] page.goto complete (103ms)
[initSession:screenshot] page.goto complete (142ms)
[initSession:screenshot] page.goto complete (144ms)
[HyperFrames] render runtime fps [object Object]
[initSession:screenshot] GSAP proxy flush complete (148ms)
[initSession:screenshot] GSAP proxy flush complete (148ms)
[initSession:screenshot] GSAP proxy flush complete (148ms)
[initSession:screenshot] pollHfReady complete (148ms)
[initSession:screenshot] pollHfReady complete (148ms)
[initSession:screenshot] pollHfReady complete (148ms)
[initSession:screenshot] pollSubCompositionTimelines complete (ready) (149ms)
[initSession:screenshot] applyVideoMetadataHints complete (149ms)
[initSession:screenshot] pollSubCompositionTimelines complete (ready) (150ms)
[initSession:screenshot] applyVideoMetadataHints complete (150ms)
[initSession:screenshot] pollSubCompositionTimelines complete (ready) (150ms)
[initSession:screenshot] applyVideoMetadataHints complete (150ms)
[initSession:screenshot] media + fonts + tailwind ready (151ms)
[initSession:screenshot] media + fonts + tailwind ready (151ms)
[initSession:screenshot] media + fonts + tailwind ready (152ms)
[initSession:screenshot] page.goto complete (154ms)
[initSession:screenshot] GSAP proxy flush complete (159ms)
[initSession:screenshot] pollHfReady complete (159ms)
[initSession:screenshot] pollSubCompositionTimelines complete (ready) (160ms)
[initSession:screenshot] applyVideoMetadataHints complete (160ms)
[initSession:screenshot] media + fonts + tailwind ready (161ms)
[initSession:screenshot] static-frame dedup: 150/150 predicted frame(s) reusable (outcome=verified, runs=8/8, screenshots=32, seeks=33, elapsedMs=1333) (1487ms)
  ███████░░░░░░░░░░░░░░░░░░  29%  Capturing frame 30/360 (4 workers)
[initSession:screenshot] static-frame dedup: 150/150 predicted frame(s) reusable (outcome=verified, runs=8/8, screenshots=32, seeks=33, elapsedMs=1517) (1671ms)
[initSession:screenshot] static-frame dedup: 150/150 predicted frame(s) reusable (outcome=verified, runs=8/8, screenshots=32, seeks=33, elapsedMs=1554) (1717ms)
[initSession:screenshot] static-frame dedup: 150/150 predicted frame(s) reusable (outcome=verified, runs=8/8, screenshots=32, seeks=33, elapsedMs=1567) (1721ms)
  ████████░░░░░░░░░░░░░░░░░  33%  Capturing frame 60/360 (4 workers)
  █████████░░░░░░░░░░░░░░░░  36%  Capturing frame 90/360 (4 workers)
  ██████████░░░░░░░░░░░░░░░  40%  Capturing frame 120/360 (4 workers)
  ███████████░░░░░░░░░░░░░░  44%  Capturing frame 150/360 (4 workers)
  ████████████░░░░░░░░░░░░░  48%  Capturing frame 180/360 (4 workers)
  ████████████░░░░░░░░░░░░░  51%  Capturing frame 210/360 (4 workers)
[static-dedup] reused 62/90 frame(s) (69%), est. ~2914ms saved (avg 47ms/frame)
  █████████████░░░░░░░░░░░░  55%  Capturing frame 240/360 (4 workers)
  ██████████████░░░░░░░░░░░  59%  Capturing frame 270/360 (4 workers)
[static-dedup] reused 50/90 frame(s) (56%), est. ~2500ms saved (avg 50ms/frame)
  ███████████████░░░░░░░░░░  63%  Capturing frame 300/360 (4 workers)
[static-dedup] reused 34/90 frame(s) (38%), est. ~1700ms saved (avg 50ms/frame)
  ████████████████░░░░░░░░░  66%  Capturing frame 330/360 (4 workers)
  █████████████████░░░░░░░░  70%  Capturing frame 360/360 (4 workers)
[static-dedup] reused 3/90 frame(s) (3%), est. ~141ms saved (avg 47ms/frame)
[INFO] [Render:trace] {"renderJobId":"518ad7f5-c623-413d-9b3f-a904bbe0c037","phase":"capture_disk","status":"end","elapsedMs":8489,"durationMs":6014,"stagePhase":"capturing","needsAlpha":false,"workerCount":4,"forceScreenshot":false,"totalFrames":360,"framesCompleted":360,"captureMode":"beginframe","captureOperation":"encode"}
[INFO] [Render:trace] {"renderJobId":"518ad7f5-c623-413d-9b3f-a904bbe0c037","phase":"encode","status":"start","elapsedMs":8489,"stagePhase":"capturing","hasAudio":false,"isPngSequence":false,"isGif":false,"chunkedEncode":false,"workerCount":4,"forceScreenshot":false,"totalFrames":360,"framesCompleted":360,"captureMode":"beginframe","captureOperation":"encode"}
  ██████████████████░░░░░░░  75%  Encoding video
[INFO] [Render:trace] {"renderJobId":"518ad7f5-c623-413d-9b3f-a904bbe0c037","phase":"encode","status":"end","elapsedMs":10328,"durationMs":1839,"stagePhase":"capturing","hasAudio":false,"isPngSequence":false,"isGif":false,"chunkedEncode":false,"workerCount":4,"forceScreenshot":false,"totalFrames":360,"framesCompleted":360,"captureMode":"beginframe","captureOperation":"encode"}
[INFO] [Render:trace] {"renderJobId":"518ad7f5-c623-413d-9b3f-a904bbe0c037","phase":"assemble","status":"start","elapsedMs":10328,"stagePhase":"capturing","hasAudio":false,"workerCount":4,"forceScreenshot":false,"totalFrames":360,"framesCompleted":360,"captureMode":"beginframe","captureOperation":"encode"}
  ██████████████████████░░░  90%  Assembling final video
[INFO] [Render:trace] {"renderJobId":"518ad7f5-c623-413d-9b3f-a904bbe0c037","phase":"assemble","status":"end","elapsedMs":10369,"durationMs":41,"stagePhase":"capturing","hasAudio":false,"workerCount":4,"forceScreenshot":false,"totalFrames":360,"framesCompleted":360,"captureMode":"beginframe","captureOperation":"encode"}
[INFO] [Render:trace] {"renderJobId":"518ad7f5-c623-413d-9b3f-a904bbe0c037","phase":"pipeline","status":"checkpoint","elapsedMs":10410,"message":"artifact validated","totalElapsedMs":10409}
  █████████████████████████  100%  Render complete

◇  /Users/bliss/fixter2025/docs/eve-tutorial/cards/02a-por-que-world/renders/02a-por-que-world_2026-09-17_09-31-26.mp4
   697.9 KB · 12.0s video · rendered in 10.4s
