
◆  Rendering 04a-dos-lugares → /Users/bliss/fixter2025/docs/eve-tutorial/cards/04a-dos-lugares/renders/04a-dos-lugares_2026-09-17_10-18-31.mp4
   30fps · standard · auto workers (10 cores detected)
   GPU: browser GPU (auto-detect)

[?25l│
◇  Browser: cache
[?25h[INFO] [Render] Pipeline started {"renderJobId":"cd3f7460-e8d6-4412-82d7-d1ef8bb5d4bc","platform":"darwin","arch":"arm64","nodeVersion":"v22.16.0","fps":{"num":30,"den":1},"format":"mp4","quality":"standard","browserGpuMode":"auto","forceScreenshot":false,"protocolTimeout":300000,"browserTimeout":120000,"pageNavigationTimeout":60000,"playerReadyTimeout":45000}
[INFO] [Render:trace] {"renderJobId":"cd3f7460-e8d6-4412-82d7-d1ef8bb5d4bc","phase":"pipeline","status":"checkpoint","elapsedMs":1,"message":"started","format":"mp4","quality":"standard","browserGpuMode":"auto","forceScreenshot":false,"protocolTimeoutMs":300000,"pageNavigationTimeoutMs":60000,"playerReadyTimeoutMs":45000,"requestedWorkers":"auto"}
[INFO] [Render:trace] {"renderJobId":"cd3f7460-e8d6-4412-82d7-d1ef8bb5d4bc","phase":"compile","status":"start","elapsedMs":2,"needsAlpha":false}
  █░░░░░░░░░░░░░░░░░░░░░░░░  5%  Compiling composition
[INFO] [Compiler] Fetched 11 font face(s) for "Inter" from Google Fonts (cached to /Users/bliss/.cache/hyperframes/fonts/inter)
[INFO] [Compiler] Fetched 10 font face(s) for "JetBrains Mono" from Google Fonts (cached to /Users/bliss/.cache/hyperframes/fonts/jetbrains-mono)
[INFO] [Compiler] Injected deterministic @font-face rules for 2 requested font families
[INFO] [Compiler] Inlined CDN script: https://cdn.jsdelivr.net/npm/gsap@3.14.2/dist/gsap.min.js
[INFO] [Render] Fast capture: composition uses a CSS 3D rendering context (perspective / preserve-3d / backface-visibility) — disabling drawElementImage for this render. Capture uses the platform's baseline route. {"renderJobId":"cd3f7460-e8d6-4412-82d7-d1ef8bb5d4bc"}
[INFO] Compiled composition metadata {"renderJobId":"cd3f7460-e8d6-4412-82d7-d1ef8bb5d4bc","entryFile":"index.html","staticDuration":12,"width":1920,"height":1080,"videoCount":0,"audioCount":0,"renderModeHints":{"recommendScreenshot":false,"reasons":[]}}
[INFO] [Render:trace] {"renderJobId":"cd3f7460-e8d6-4412-82d7-d1ef8bb5d4bc","phase":"compile","status":"end","elapsedMs":1048,"durationMs":1046,"needsAlpha":false}
[INFO] [Render:trace] {"renderJobId":"cd3f7460-e8d6-4412-82d7-d1ef8bb5d4bc","phase":"compile","status":"checkpoint","elapsedMs":1049,"message":"composition metadata resolved","width":1920,"height":1080,"videoCount":0,"audioCount":0,"imageCount":0,"deviceScaleFactor":1,"forceScreenshot":false,"compositionHash":"38f97d82b9a03874"}
[INFO] [Render:trace] {"renderJobId":"cd3f7460-e8d6-4412-82d7-d1ef8bb5d4bc","phase":"browser_probe","status":"start","elapsedMs":1049,"forceScreenshot":false,"stagePhase":"calibrating"}
[INFO] [Render:trace] {"renderJobId":"cd3f7460-e8d6-4412-82d7-d1ef8bb5d4bc","phase":"browser_probe","status":"end","elapsedMs":1052,"durationMs":3,"forceScreenshot":false,"stagePhase":"calibrating"}
[INFO] [Render:trace] {"renderJobId":"cd3f7460-e8d6-4412-82d7-d1ef8bb5d4bc","phase":"browser_probe","status":"checkpoint","elapsedMs":1053,"message":"duration resolved","durationSeconds":12,"totalFrames":360,"compositionHash":"38f97d82b9a03874","beginFrameStalled":false}
[INFO] [Render:trace] {"renderJobId":"cd3f7460-e8d6-4412-82d7-d1ef8bb5d4bc","phase":"video_extract","status":"start","elapsedMs":1053,"videoCount":0}
  ██░░░░░░░░░░░░░░░░░░░░░░░  10%  Extracting video frames
[INFO] [Render:trace] {"renderJobId":"cd3f7460-e8d6-4412-82d7-d1ef8bb5d4bc","phase":"video_extract","status":"end","elapsedMs":1053,"durationMs":0,"videoCount":0}
[INFO] [Render:trace] {"renderJobId":"cd3f7460-e8d6-4412-82d7-d1ef8bb5d4bc","phase":"video_extract","status":"checkpoint","elapsedMs":1055,"message":"frames resolved","videoCount":0,"extractedVideoCount":0,"totalFramesExtracted":0,"maxFramesPerVideo":0,"avgFramesPerExtractedVideo":null,"vfrPreflightCount":null,"vfrPreflightMs":null,"cacheHits":null,"cacheMisses":null,"transientRetries":null,"minVideoFrameCoverageRatio":null,"authoredTimedClipCount":2}
[INFO] [Render] No HDR sources detected — rendering SDR {"renderJobId":"cd3f7460-e8d6-4412-82d7-d1ef8bb5d4bc"}
[INFO] [Render:trace] {"renderJobId":"cd3f7460-e8d6-4412-82d7-d1ef8bb5d4bc","phase":"hdr_detection","status":"checkpoint","elapsedMs":1055,"message":"resolved","requestedHdrMode":"auto","effectiveHdr":"sdr","nativeHdrVideoCount":0,"nativeHdrImageCount":0}
[INFO] [Render:trace] {"renderJobId":"cd3f7460-e8d6-4412-82d7-d1ef8bb5d4bc","phase":"audio_process","status":"start","elapsedMs":1055,"audioCount":0}
[INFO] [Render:trace] {"renderJobId":"cd3f7460-e8d6-4412-82d7-d1ef8bb5d4bc","phase":"audio_process","status":"end","elapsedMs":1055,"durationMs":0,"audioCount":0}
  █████░░░░░░░░░░░░░░░░░░░░  20%  Processing audio tracks
[INFO] [Render:trace] {"renderJobId":"cd3f7460-e8d6-4412-82d7-d1ef8bb5d4bc","phase":"file_server","status":"start","elapsedMs":1055,"reused":false}
  ██████░░░░░░░░░░░░░░░░░░░  25%  Starting frame capture
[INFO] [Render:trace] {"renderJobId":"cd3f7460-e8d6-4412-82d7-d1ef8bb5d4bc","phase":"file_server","status":"end","elapsedMs":1058,"durationMs":3}
[hyperframes] browserGpuMode probe → hardware (WebGL renderer vendor="Google Inc. (Apple)" renderer="ANGLE (Apple, ANGLE Metal Renderer: Apple M4, Unspecified Version)")
[INFO] [Render:trace] {"renderJobId":"cd3f7460-e8d6-4412-82d7-d1ef8bb5d4bc","phase":"capture_calibration","status":"start","elapsedMs":1198,"stagePhase":"calibrating","forceScreenshot":false,"totalFrames":360,"framesCompleted":0,"captureMode":"beginframe","captureOperation":"beginFrame"}
[INFO] [Render] Calibration config {"renderJobId":"cd3f7460-e8d6-4412-82d7-d1ef8bb5d4bc","protocolTimeout":30000,"parentProtocolTimeout":300000,"forceScreenshot":false,"totalFrames":360}
[INFO] Launching browser for capture calibration... {"renderJobId":"cd3f7460-e8d6-4412-82d7-d1ef8bb5d4bc"}
[BrowserManager] Browser launched (HeadlessChrome/152.0.7977.30, screenshot, gl=--use-gl=angle --use-angle=metal, headlessShell=true, platform=darwin)
[INFO] Initializing calibration session... {"renderJobId":"cd3f7460-e8d6-4412-82d7-d1ef8bb5d4bc"}
[initSession:screenshot] page.goto start (0ms)
[HyperFrames] render runtime fps [object Object]
[initSession:screenshot] page.goto complete (120ms)
[initSession:screenshot] GSAP proxy flush complete (122ms)
[initSession:screenshot] pollHfReady complete (122ms)
[initSession:screenshot] pollSubCompositionTimelines complete (ready) (123ms)
[initSession:screenshot] applyVideoMetadataHints complete (123ms)
[initSession:screenshot] media + fonts + tailwind ready (124ms)
[initSession:screenshot] static-frame dedup: disabled (running CSS/WAAPI animation) (126ms)
[INFO] Calibration session ready, capturing test frames... {"renderJobId":"cd3f7460-e8d6-4412-82d7-d1ef8bb5d4bc"}
[INFO] Calibration: capturing test frame 1/5... {"renderJobId":"cd3f7460-e8d6-4412-82d7-d1ef8bb5d4bc"}
[INFO] Calibration: capturing test frame 2/5... {"renderJobId":"cd3f7460-e8d6-4412-82d7-d1ef8bb5d4bc"}
[INFO] Calibration: capturing test frame 3/5... {"renderJobId":"cd3f7460-e8d6-4412-82d7-d1ef8bb5d4bc"}
[INFO] Calibration: capturing test frame 4/5... {"renderJobId":"cd3f7460-e8d6-4412-82d7-d1ef8bb5d4bc"}
[INFO] Calibration: capturing test frame 5/5... {"renderJobId":"cd3f7460-e8d6-4412-82d7-d1ef8bb5d4bc"}
[INFO] Calibration complete, estimated cost: 50ms/frame (p95) {"renderJobId":"cd3f7460-e8d6-4412-82d7-d1ef8bb5d4bc"}
[INFO] [Render:trace] {"renderJobId":"cd3f7460-e8d6-4412-82d7-d1ef8bb5d4bc","phase":"capture_calibration","status":"end","elapsedMs":1672,"durationMs":474,"stagePhase":"calibrating","forceScreenshot":false,"totalFrames":360,"framesCompleted":0,"captureMode":"beginframe","captureOperation":"beginFrame"}
[INFO] [Render:trace] {"renderJobId":"cd3f7460-e8d6-4412-82d7-d1ef8bb5d4bc","phase":"capture_calibration","status":"checkpoint","elapsedMs":1672,"message":"resolved","forceScreenshot":false,"multiplier":1,"p95Ms":50}
[INFO] [Render:trace] {"renderJobId":"cd3f7460-e8d6-4412-82d7-d1ef8bb5d4bc","phase":"worker_resolution","status":"checkpoint","elapsedMs":1672,"message":"resolved","workerCount":4}
[INFO] streaming-encode gate {"renderJobId":"cd3f7460-e8d6-4412-82d7-d1ef8bb5d4bc","enabled":false,"configFlag":true,"outputFormat":"mp4","workerCount":4,"durationSeconds":12,"maxDurationSeconds":240}
[INFO] [Render:trace] {"renderJobId":"cd3f7460-e8d6-4412-82d7-d1ef8bb5d4bc","phase":"capture_strategy","status":"checkpoint","elapsedMs":1673,"message":"resolved","workerCount":4,"forceScreenshot":false,"captureBeyondViewport":null,"useStreamingEncode":false,"useLayeredComposite":false,"usePageSideCompositing":false,"hasHdrContent":false,"hasShaderTransitions":false,"isPngSequence":false}
[INFO] [Render:trace] {"renderJobId":"cd3f7460-e8d6-4412-82d7-d1ef8bb5d4bc","phase":"capture_disk","status":"start","elapsedMs":1673,"stagePhase":"capturing","needsAlpha":false,"workerCount":4,"forceScreenshot":false,"totalFrames":360,"framesCompleted":0,"captureMode":"beginframe","captureOperation":"beginFrame"}
[BrowserManager] Browser launched (HeadlessChrome/152.0.7977.30, screenshot, gl=--use-gl=angle --use-angle=metal, headlessShell=true, platform=darwin)
[initSession:screenshot] page.goto start (0ms)
[initSession:screenshot] page.goto start (0ms)
[initSession:screenshot] page.goto start (0ms)
[initSession:screenshot] page.goto start (0ms)
[HyperFrames] render runtime fps [object Object]
[HyperFrames] render runtime fps [object Object]
[HyperFrames] render runtime fps [object Object]
[HyperFrames] render runtime fps [object Object]
[initSession:screenshot] page.goto complete (193ms)
[initSession:screenshot] page.goto complete (194ms)
[initSession:screenshot] GSAP proxy flush complete (196ms)
[initSession:screenshot] GSAP proxy flush complete (197ms)
[initSession:screenshot] pollHfReady complete (198ms)
[initSession:screenshot] pollHfReady complete (198ms)
[initSession:screenshot] pollSubCompositionTimelines complete (ready) (200ms)
[initSession:screenshot] applyVideoMetadataHints complete (200ms)
[initSession:screenshot] pollSubCompositionTimelines complete (ready) (201ms)
[initSession:screenshot] applyVideoMetadataHints complete (201ms)
[initSession:screenshot] media + fonts + tailwind ready (202ms)
[initSession:screenshot] media + fonts + tailwind ready (202ms)
[initSession:screenshot] static-frame dedup: disabled (running CSS/WAAPI animation) (204ms)
[initSession:screenshot] static-frame dedup: disabled (running CSS/WAAPI animation) (205ms)
[initSession:screenshot] page.goto complete (212ms)
[initSession:screenshot] page.goto complete (214ms)
[initSession:screenshot] GSAP proxy flush complete (219ms)
[initSession:screenshot] pollHfReady complete (219ms)
[initSession:screenshot] GSAP proxy flush complete (220ms)
[initSession:screenshot] pollHfReady complete (220ms)
[initSession:screenshot] pollSubCompositionTimelines complete (ready) (220ms)
[initSession:screenshot] applyVideoMetadataHints complete (220ms)
[initSession:screenshot] media + fonts + tailwind ready (221ms)
[initSession:screenshot] pollSubCompositionTimelines complete (ready) (221ms)
[initSession:screenshot] applyVideoMetadataHints complete (221ms)
[initSession:screenshot] media + fonts + tailwind ready (222ms)
[initSession:screenshot] static-frame dedup: disabled (running CSS/WAAPI animation) (224ms)
[initSession:screenshot] static-frame dedup: disabled (running CSS/WAAPI animation) (225ms)
  ███████░░░░░░░░░░░░░░░░░░  29%  Capturing frame 30/360 (4 workers)
  ████████░░░░░░░░░░░░░░░░░  33%  Capturing frame 60/360 (4 workers)
  █████████░░░░░░░░░░░░░░░░  36%  Capturing frame 90/360 (4 workers)
  ██████████░░░░░░░░░░░░░░░  40%  Capturing frame 120/360 (4 workers)
  ███████████░░░░░░░░░░░░░░  44%  Capturing frame 150/360 (4 workers)
  ████████████░░░░░░░░░░░░░  48%  Capturing frame 180/360 (4 workers)
  ████████████░░░░░░░░░░░░░  51%  Capturing frame 210/360 (4 workers)
  █████████████░░░░░░░░░░░░  55%  Capturing frame 240/360 (4 workers)
  ██████████████░░░░░░░░░░░  59%  Capturing frame 270/360 (4 workers)
  ███████████████░░░░░░░░░░  63%  Capturing frame 300/360 (4 workers)
  ████████████████░░░░░░░░░  66%  Capturing frame 330/360 (4 workers)
  █████████████████░░░░░░░░  70%  Capturing frame 360/360 (4 workers)
[INFO] [Render:trace] {"renderJobId":"cd3f7460-e8d6-4412-82d7-d1ef8bb5d4bc","phase":"capture_disk","status":"end","elapsedMs":6567,"durationMs":4894,"stagePhase":"capturing","needsAlpha":false,"workerCount":4,"forceScreenshot":false,"totalFrames":360,"framesCompleted":360,"captureMode":"beginframe","captureOperation":"encode"}
[INFO] [Render:trace] {"renderJobId":"cd3f7460-e8d6-4412-82d7-d1ef8bb5d4bc","phase":"encode","status":"start","elapsedMs":6567,"stagePhase":"capturing","hasAudio":false,"isPngSequence":false,"isGif":false,"chunkedEncode":false,"workerCount":4,"forceScreenshot":false,"totalFrames":360,"framesCompleted":360,"captureMode":"beginframe","captureOperation":"encode"}
  ██████████████████░░░░░░░  75%  Encoding video
[INFO] [Render:trace] {"renderJobId":"cd3f7460-e8d6-4412-82d7-d1ef8bb5d4bc","phase":"encode","status":"end","elapsedMs":8420,"durationMs":1853,"stagePhase":"capturing","hasAudio":false,"isPngSequence":false,"isGif":false,"chunkedEncode":false,"workerCount":4,"forceScreenshot":false,"totalFrames":360,"framesCompleted":360,"captureMode":"beginframe","captureOperation":"encode"}
[INFO] [Render:trace] {"renderJobId":"cd3f7460-e8d6-4412-82d7-d1ef8bb5d4bc","phase":"assemble","status":"start","elapsedMs":8421,"stagePhase":"capturing","hasAudio":false,"workerCount":4,"forceScreenshot":false,"totalFrames":360,"framesCompleted":360,"captureMode":"beginframe","captureOperation":"encode"}
  ██████████████████████░░░  90%  Assembling final video
[INFO] [Render:trace] {"renderJobId":"cd3f7460-e8d6-4412-82d7-d1ef8bb5d4bc","phase":"assemble","status":"end","elapsedMs":8466,"durationMs":45,"stagePhase":"capturing","hasAudio":false,"workerCount":4,"forceScreenshot":false,"totalFrames":360,"framesCompleted":360,"captureMode":"beginframe","captureOperation":"encode"}
[INFO] [Render:trace] {"renderJobId":"cd3f7460-e8d6-4412-82d7-d1ef8bb5d4bc","phase":"pipeline","status":"checkpoint","elapsedMs":8509,"message":"artifact validated","totalElapsedMs":8508}
  █████████████████████████  100%  Render complete

◇  /Users/bliss/fixter2025/docs/eve-tutorial/cards/04a-dos-lugares/renders/04a-dos-lugares_2026-09-17_10-18-31.mp4
   745.9 KB · 12.0s video · rendered in 8.5s
