
◆  Rendering 04b-frontera → /Users/bliss/fixter2025/docs/eve-tutorial/cards/04b-frontera/renders/04b-frontera_2026-09-17_10-18-41.mp4
   30fps · standard · auto workers (10 cores detected)
   GPU: browser GPU (auto-detect)

[?25l│
◇  Browser: cache
[?25h[INFO] [Render] Pipeline started {"renderJobId":"59fbb3f3-fbbb-4648-b7a1-284747623637","platform":"darwin","arch":"arm64","nodeVersion":"v22.16.0","fps":{"num":30,"den":1},"format":"mp4","quality":"standard","browserGpuMode":"auto","forceScreenshot":false,"protocolTimeout":300000,"browserTimeout":120000,"pageNavigationTimeout":60000,"playerReadyTimeout":45000}
[INFO] [Render:trace] {"renderJobId":"59fbb3f3-fbbb-4648-b7a1-284747623637","phase":"pipeline","status":"checkpoint","elapsedMs":1,"message":"started","format":"mp4","quality":"standard","browserGpuMode":"auto","forceScreenshot":false,"protocolTimeoutMs":300000,"pageNavigationTimeoutMs":60000,"playerReadyTimeoutMs":45000,"requestedWorkers":"auto"}
[INFO] [Render:trace] {"renderJobId":"59fbb3f3-fbbb-4648-b7a1-284747623637","phase":"compile","status":"start","elapsedMs":1,"needsAlpha":false}
  █░░░░░░░░░░░░░░░░░░░░░░░░  5%  Compiling composition
[INFO] [Compiler] Fetched 11 font face(s) for "Inter" from Google Fonts (cached to /Users/bliss/.cache/hyperframes/fonts/inter)
[INFO] [Compiler] Fetched 10 font face(s) for "JetBrains Mono" from Google Fonts (cached to /Users/bliss/.cache/hyperframes/fonts/jetbrains-mono)
[INFO] [Compiler] Injected deterministic @font-face rules for 2 requested font families
[INFO] [Compiler] Inlined CDN script: https://cdn.jsdelivr.net/npm/gsap@3.14.2/dist/gsap.min.js
[INFO] [Render] Fast capture: composition uses a CSS 3D rendering context (perspective / preserve-3d / backface-visibility) — disabling drawElementImage for this render. Capture uses the platform's baseline route. {"renderJobId":"59fbb3f3-fbbb-4648-b7a1-284747623637"}
[INFO] Compiled composition metadata {"renderJobId":"59fbb3f3-fbbb-4648-b7a1-284747623637","entryFile":"index.html","staticDuration":12,"width":1920,"height":1080,"videoCount":0,"audioCount":0,"renderModeHints":{"recommendScreenshot":false,"reasons":[]}}
[INFO] [Render:trace] {"renderJobId":"59fbb3f3-fbbb-4648-b7a1-284747623637","phase":"compile","status":"end","elapsedMs":1066,"durationMs":1064,"needsAlpha":false}
[INFO] [Render:trace] {"renderJobId":"59fbb3f3-fbbb-4648-b7a1-284747623637","phase":"compile","status":"checkpoint","elapsedMs":1067,"message":"composition metadata resolved","width":1920,"height":1080,"videoCount":0,"audioCount":0,"imageCount":0,"deviceScaleFactor":1,"forceScreenshot":false,"compositionHash":"99eff00219258e83"}
[INFO] [Render:trace] {"renderJobId":"59fbb3f3-fbbb-4648-b7a1-284747623637","phase":"browser_probe","status":"start","elapsedMs":1067,"forceScreenshot":false,"stagePhase":"calibrating"}
[INFO] [Render:trace] {"renderJobId":"59fbb3f3-fbbb-4648-b7a1-284747623637","phase":"browser_probe","status":"end","elapsedMs":1071,"durationMs":4,"forceScreenshot":false,"stagePhase":"calibrating"}
[INFO] [Render:trace] {"renderJobId":"59fbb3f3-fbbb-4648-b7a1-284747623637","phase":"browser_probe","status":"checkpoint","elapsedMs":1072,"message":"duration resolved","durationSeconds":12,"totalFrames":360,"compositionHash":"99eff00219258e83","beginFrameStalled":false}
[INFO] [Render:trace] {"renderJobId":"59fbb3f3-fbbb-4648-b7a1-284747623637","phase":"video_extract","status":"start","elapsedMs":1072,"videoCount":0}
  ██░░░░░░░░░░░░░░░░░░░░░░░  10%  Extracting video frames
[INFO] [Render:trace] {"renderJobId":"59fbb3f3-fbbb-4648-b7a1-284747623637","phase":"video_extract","status":"end","elapsedMs":1072,"durationMs":0,"videoCount":0}
[INFO] [Render:trace] {"renderJobId":"59fbb3f3-fbbb-4648-b7a1-284747623637","phase":"video_extract","status":"checkpoint","elapsedMs":1075,"message":"frames resolved","videoCount":0,"extractedVideoCount":0,"totalFramesExtracted":0,"maxFramesPerVideo":0,"avgFramesPerExtractedVideo":null,"vfrPreflightCount":null,"vfrPreflightMs":null,"cacheHits":null,"cacheMisses":null,"transientRetries":null,"minVideoFrameCoverageRatio":null,"authoredTimedClipCount":2}
[INFO] [Render] No HDR sources detected — rendering SDR {"renderJobId":"59fbb3f3-fbbb-4648-b7a1-284747623637"}
[INFO] [Render:trace] {"renderJobId":"59fbb3f3-fbbb-4648-b7a1-284747623637","phase":"hdr_detection","status":"checkpoint","elapsedMs":1075,"message":"resolved","requestedHdrMode":"auto","effectiveHdr":"sdr","nativeHdrVideoCount":0,"nativeHdrImageCount":0}
[INFO] [Render:trace] {"renderJobId":"59fbb3f3-fbbb-4648-b7a1-284747623637","phase":"audio_process","status":"start","elapsedMs":1075,"audioCount":0}
[INFO] [Render:trace] {"renderJobId":"59fbb3f3-fbbb-4648-b7a1-284747623637","phase":"audio_process","status":"end","elapsedMs":1075,"durationMs":0,"audioCount":0}
  █████░░░░░░░░░░░░░░░░░░░░  20%  Processing audio tracks
[INFO] [Render:trace] {"renderJobId":"59fbb3f3-fbbb-4648-b7a1-284747623637","phase":"file_server","status":"start","elapsedMs":1075,"reused":false}
  ██████░░░░░░░░░░░░░░░░░░░  25%  Starting frame capture
[INFO] [Render:trace] {"renderJobId":"59fbb3f3-fbbb-4648-b7a1-284747623637","phase":"file_server","status":"end","elapsedMs":1077,"durationMs":2}
[hyperframes] browserGpuMode probe → hardware (WebGL renderer vendor="Google Inc. (Apple)" renderer="ANGLE (Apple, ANGLE Metal Renderer: Apple M4, Unspecified Version)")
[INFO] [Render:trace] {"renderJobId":"59fbb3f3-fbbb-4648-b7a1-284747623637","phase":"capture_calibration","status":"start","elapsedMs":1215,"stagePhase":"calibrating","forceScreenshot":false,"totalFrames":360,"framesCompleted":0,"captureMode":"beginframe","captureOperation":"beginFrame"}
[INFO] [Render] Calibration config {"renderJobId":"59fbb3f3-fbbb-4648-b7a1-284747623637","protocolTimeout":30000,"parentProtocolTimeout":300000,"forceScreenshot":false,"totalFrames":360}
[INFO] Launching browser for capture calibration... {"renderJobId":"59fbb3f3-fbbb-4648-b7a1-284747623637"}
[BrowserManager] Browser launched (HeadlessChrome/152.0.7977.30, screenshot, gl=--use-gl=angle --use-angle=metal, headlessShell=true, platform=darwin)
[INFO] Initializing calibration session... {"renderJobId":"59fbb3f3-fbbb-4648-b7a1-284747623637"}
[initSession:screenshot] page.goto start (0ms)
[HyperFrames] render runtime fps [object Object]
[initSession:screenshot] page.goto complete (78ms)
[initSession:screenshot] GSAP proxy flush complete (185ms)
[initSession:screenshot] pollHfReady complete (186ms)
[initSession:screenshot] pollSubCompositionTimelines complete (ready) (187ms)
[initSession:screenshot] applyVideoMetadataHints complete (187ms)
[initSession:screenshot] media + fonts + tailwind ready (188ms)
[initSession:screenshot] static-frame dedup: disabled (running CSS/WAAPI animation) (191ms)
[INFO] Calibration session ready, capturing test frames... {"renderJobId":"59fbb3f3-fbbb-4648-b7a1-284747623637"}
[INFO] Calibration: capturing test frame 1/5... {"renderJobId":"59fbb3f3-fbbb-4648-b7a1-284747623637"}
[INFO] Calibration: capturing test frame 2/5... {"renderJobId":"59fbb3f3-fbbb-4648-b7a1-284747623637"}
[INFO] Calibration: capturing test frame 3/5... {"renderJobId":"59fbb3f3-fbbb-4648-b7a1-284747623637"}
[INFO] Calibration: capturing test frame 4/5... {"renderJobId":"59fbb3f3-fbbb-4648-b7a1-284747623637"}
[INFO] Calibration: capturing test frame 5/5... {"renderJobId":"59fbb3f3-fbbb-4648-b7a1-284747623637"}
[INFO] Calibration complete, estimated cost: 52ms/frame (p95) {"renderJobId":"59fbb3f3-fbbb-4648-b7a1-284747623637"}
[INFO] [Render:trace] {"renderJobId":"59fbb3f3-fbbb-4648-b7a1-284747623637","phase":"capture_calibration","status":"end","elapsedMs":1779,"durationMs":564,"stagePhase":"calibrating","forceScreenshot":false,"totalFrames":360,"framesCompleted":0,"captureMode":"beginframe","captureOperation":"beginFrame"}
[INFO] [Render:trace] {"renderJobId":"59fbb3f3-fbbb-4648-b7a1-284747623637","phase":"capture_calibration","status":"checkpoint","elapsedMs":1779,"message":"resolved","forceScreenshot":false,"multiplier":1,"p95Ms":52}
[INFO] [Render:trace] {"renderJobId":"59fbb3f3-fbbb-4648-b7a1-284747623637","phase":"worker_resolution","status":"checkpoint","elapsedMs":1779,"message":"resolved","workerCount":4}
[INFO] streaming-encode gate {"renderJobId":"59fbb3f3-fbbb-4648-b7a1-284747623637","enabled":false,"configFlag":true,"outputFormat":"mp4","workerCount":4,"durationSeconds":12,"maxDurationSeconds":240}
[INFO] [Render:trace] {"renderJobId":"59fbb3f3-fbbb-4648-b7a1-284747623637","phase":"capture_strategy","status":"checkpoint","elapsedMs":1780,"message":"resolved","workerCount":4,"forceScreenshot":false,"captureBeyondViewport":null,"useStreamingEncode":false,"useLayeredComposite":false,"usePageSideCompositing":false,"hasHdrContent":false,"hasShaderTransitions":false,"isPngSequence":false}
[INFO] [Render:trace] {"renderJobId":"59fbb3f3-fbbb-4648-b7a1-284747623637","phase":"capture_disk","status":"start","elapsedMs":1780,"stagePhase":"capturing","needsAlpha":false,"workerCount":4,"forceScreenshot":false,"totalFrames":360,"framesCompleted":0,"captureMode":"beginframe","captureOperation":"beginFrame"}
[BrowserManager] Browser launched (HeadlessChrome/152.0.7977.30, screenshot, gl=--use-gl=angle --use-angle=metal, headlessShell=true, platform=darwin)
[initSession:screenshot] page.goto start (0ms)
[initSession:screenshot] page.goto start (0ms)
[initSession:screenshot] page.goto start (0ms)
[initSession:screenshot] page.goto start (0ms)
[HyperFrames] render runtime fps [object Object]
[HyperFrames] render runtime fps [object Object]
[HyperFrames] render runtime fps [object Object]
[HyperFrames] render runtime fps [object Object]
[initSession:screenshot] page.goto complete (205ms)
[initSession:screenshot] page.goto complete (205ms)
[initSession:screenshot] GSAP proxy flush complete (209ms)
[initSession:screenshot] GSAP proxy flush complete (209ms)
[initSession:screenshot] pollHfReady complete (211ms)
[initSession:screenshot] pollHfReady complete (211ms)
[initSession:screenshot] pollSubCompositionTimelines complete (ready) (212ms)
[initSession:screenshot] applyVideoMetadataHints complete (212ms)
[initSession:screenshot] pollSubCompositionTimelines complete (ready) (213ms)
[initSession:screenshot] applyVideoMetadataHints complete (213ms)
[initSession:screenshot] media + fonts + tailwind ready (214ms)
[initSession:screenshot] media + fonts + tailwind ready (214ms)
[initSession:screenshot] static-frame dedup: disabled (running CSS/WAAPI animation) (217ms)
[initSession:screenshot] static-frame dedup: disabled (running CSS/WAAPI animation) (217ms)
[initSession:screenshot] page.goto complete (222ms)
[initSession:screenshot] page.goto complete (224ms)
[initSession:screenshot] GSAP proxy flush complete (228ms)
[initSession:screenshot] pollHfReady complete (229ms)
[initSession:screenshot] GSAP proxy flush complete (229ms)
[initSession:screenshot] pollHfReady complete (230ms)
[initSession:screenshot] pollSubCompositionTimelines complete (ready) (230ms)
[initSession:screenshot] applyVideoMetadataHints complete (230ms)
[initSession:screenshot] pollSubCompositionTimelines complete (ready) (231ms)
[initSession:screenshot] applyVideoMetadataHints complete (231ms)
[initSession:screenshot] media + fonts + tailwind ready (231ms)
[initSession:screenshot] media + fonts + tailwind ready (231ms)
[initSession:screenshot] static-frame dedup: disabled (running CSS/WAAPI animation) (233ms)
[initSession:screenshot] static-frame dedup: disabled (running CSS/WAAPI animation) (233ms)
  ███████░░░░░░░░░░░░░░░░░░  29%  Capturing frame 30/360 (4 workers)
  ████████░░░░░░░░░░░░░░░░░  33%  Capturing frame 60/360 (4 workers)
  █████████░░░░░░░░░░░░░░░░  36%  Capturing frame 90/360 (4 workers)
  ██████████░░░░░░░░░░░░░░░  40%  Capturing frame 120/360 (4 workers)
  ███████████░░░░░░░░░░░░░░  44%  Capturing frame 150/360 (4 workers)
  ████████████░░░░░░░░░░░░░  48%  Capturing frame 180/360 (4 workers)
  ████████████░░░░░░░░░░░░░  51%  Capturing frame 210/360 (4 workers)
  █████████████░░░░░░░░░░░░  55%  Capturing frame 240/360 (4 workers)
  ██████████████░░░░░░░░░░░  59%  Capturing frame 270/360 (4 workers)
  ███████████████░░░░░░░░░░  63%  Capturing frame 300/360 (4 workers)
  ████████████████░░░░░░░░░  66%  Capturing frame 330/360 (4 workers)
  █████████████████░░░░░░░░  70%  Capturing frame 360/360 (4 workers)
[INFO] [Render:trace] {"renderJobId":"59fbb3f3-fbbb-4648-b7a1-284747623637","phase":"capture_disk","status":"end","elapsedMs":6789,"durationMs":5009,"stagePhase":"capturing","needsAlpha":false,"workerCount":4,"forceScreenshot":false,"totalFrames":360,"framesCompleted":360,"captureMode":"beginframe","captureOperation":"encode"}
[INFO] [Render:trace] {"renderJobId":"59fbb3f3-fbbb-4648-b7a1-284747623637","phase":"encode","status":"start","elapsedMs":6789,"stagePhase":"capturing","hasAudio":false,"isPngSequence":false,"isGif":false,"chunkedEncode":false,"workerCount":4,"forceScreenshot":false,"totalFrames":360,"framesCompleted":360,"captureMode":"beginframe","captureOperation":"encode"}
  ██████████████████░░░░░░░  75%  Encoding video
[INFO] [Render:trace] {"renderJobId":"59fbb3f3-fbbb-4648-b7a1-284747623637","phase":"encode","status":"end","elapsedMs":8652,"durationMs":1862,"stagePhase":"capturing","hasAudio":false,"isPngSequence":false,"isGif":false,"chunkedEncode":false,"workerCount":4,"forceScreenshot":false,"totalFrames":360,"framesCompleted":360,"captureMode":"beginframe","captureOperation":"encode"}
[INFO] [Render:trace] {"renderJobId":"59fbb3f3-fbbb-4648-b7a1-284747623637","phase":"assemble","status":"start","elapsedMs":8653,"stagePhase":"capturing","hasAudio":false,"workerCount":4,"forceScreenshot":false,"totalFrames":360,"framesCompleted":360,"captureMode":"beginframe","captureOperation":"encode"}
  ██████████████████████░░░  90%  Assembling final video
[INFO] [Render:trace] {"renderJobId":"59fbb3f3-fbbb-4648-b7a1-284747623637","phase":"assemble","status":"end","elapsedMs":8698,"durationMs":45,"stagePhase":"capturing","hasAudio":false,"workerCount":4,"forceScreenshot":false,"totalFrames":360,"framesCompleted":360,"captureMode":"beginframe","captureOperation":"encode"}
[INFO] [Render:trace] {"renderJobId":"59fbb3f3-fbbb-4648-b7a1-284747623637","phase":"pipeline","status":"checkpoint","elapsedMs":8741,"message":"artifact validated","totalElapsedMs":8740}
  █████████████████████████  100%  Render complete

◇  /Users/bliss/fixter2025/docs/eve-tutorial/cards/04b-frontera/renders/04b-frontera_2026-09-17_10-18-41.mp4
   419.2 KB · 12.0s video · rendered in 8.8s
  [hyperframes] Agent feedback: hyperframes feedback --rating <0-10> --comment "..."
