
◆  Rendering 05-easybits → /Users/bliss/fixter2025/docs/eve-tutorial/cards/05-easybits/renders/05-easybits_2026-09-17_10-18-51.mp4
   30fps · standard · auto workers (10 cores detected)
   GPU: browser GPU (auto-detect)

[?25l│
◇  Browser: cache
[?25h[INFO] [Render] Pipeline started {"renderJobId":"ab8d8641-c7aa-4b33-8539-21f802aa02cd","platform":"darwin","arch":"arm64","nodeVersion":"v22.16.0","fps":{"num":30,"den":1},"format":"mp4","quality":"standard","browserGpuMode":"auto","forceScreenshot":false,"protocolTimeout":300000,"browserTimeout":120000,"pageNavigationTimeout":60000,"playerReadyTimeout":45000}
[INFO] [Render:trace] {"renderJobId":"ab8d8641-c7aa-4b33-8539-21f802aa02cd","phase":"pipeline","status":"checkpoint","elapsedMs":1,"message":"started","format":"mp4","quality":"standard","browserGpuMode":"auto","forceScreenshot":false,"protocolTimeoutMs":300000,"pageNavigationTimeoutMs":60000,"playerReadyTimeoutMs":45000,"requestedWorkers":"auto"}
[INFO] [Render:trace] {"renderJobId":"ab8d8641-c7aa-4b33-8539-21f802aa02cd","phase":"compile","status":"start","elapsedMs":1,"needsAlpha":false}
  █░░░░░░░░░░░░░░░░░░░░░░░░  5%  Compiling composition
[INFO] [Compiler] Fetched 11 font face(s) for "Inter" from Google Fonts (cached to /Users/bliss/.cache/hyperframes/fonts/inter)
[INFO] [Compiler] Fetched 10 font face(s) for "JetBrains Mono" from Google Fonts (cached to /Users/bliss/.cache/hyperframes/fonts/jetbrains-mono)
[INFO] [Compiler] Injected deterministic @font-face rules for 2 requested font families
[INFO] [Compiler] Inlined CDN script: https://cdn.jsdelivr.net/npm/gsap@3.14.2/dist/gsap.min.js
[INFO] [Render] Fast capture: composition uses a CSS 3D rendering context (perspective / preserve-3d / backface-visibility) — disabling drawElementImage for this render. Capture uses the platform's baseline route. {"renderJobId":"ab8d8641-c7aa-4b33-8539-21f802aa02cd"}
[INFO] Compiled composition metadata {"renderJobId":"ab8d8641-c7aa-4b33-8539-21f802aa02cd","entryFile":"index.html","staticDuration":14,"width":1920,"height":1080,"videoCount":0,"audioCount":0,"renderModeHints":{"recommendScreenshot":false,"reasons":[]}}
[INFO] [Render:trace] {"renderJobId":"ab8d8641-c7aa-4b33-8539-21f802aa02cd","phase":"compile","status":"end","elapsedMs":1042,"durationMs":1040,"needsAlpha":false}
[INFO] [Render:trace] {"renderJobId":"ab8d8641-c7aa-4b33-8539-21f802aa02cd","phase":"compile","status":"checkpoint","elapsedMs":1043,"message":"composition metadata resolved","width":1920,"height":1080,"videoCount":0,"audioCount":0,"imageCount":0,"deviceScaleFactor":1,"forceScreenshot":false,"compositionHash":"a6e75ca249cd8225"}
[INFO] [Render:trace] {"renderJobId":"ab8d8641-c7aa-4b33-8539-21f802aa02cd","phase":"browser_probe","status":"start","elapsedMs":1043,"forceScreenshot":false,"stagePhase":"calibrating"}
[INFO] [Render:trace] {"renderJobId":"ab8d8641-c7aa-4b33-8539-21f802aa02cd","phase":"browser_probe","status":"end","elapsedMs":1047,"durationMs":4,"forceScreenshot":false,"stagePhase":"calibrating"}
[INFO] [Render:trace] {"renderJobId":"ab8d8641-c7aa-4b33-8539-21f802aa02cd","phase":"browser_probe","status":"checkpoint","elapsedMs":1047,"message":"duration resolved","durationSeconds":14,"totalFrames":420,"compositionHash":"a6e75ca249cd8225","beginFrameStalled":false}
[INFO] [Render:trace] {"renderJobId":"ab8d8641-c7aa-4b33-8539-21f802aa02cd","phase":"video_extract","status":"start","elapsedMs":1048,"videoCount":0}
  ██░░░░░░░░░░░░░░░░░░░░░░░  10%  Extracting video frames
[INFO] [Render:trace] {"renderJobId":"ab8d8641-c7aa-4b33-8539-21f802aa02cd","phase":"video_extract","status":"end","elapsedMs":1048,"durationMs":0,"videoCount":0}
[INFO] [Render:trace] {"renderJobId":"ab8d8641-c7aa-4b33-8539-21f802aa02cd","phase":"video_extract","status":"checkpoint","elapsedMs":1050,"message":"frames resolved","videoCount":0,"extractedVideoCount":0,"totalFramesExtracted":0,"maxFramesPerVideo":0,"avgFramesPerExtractedVideo":null,"vfrPreflightCount":null,"vfrPreflightMs":null,"cacheHits":null,"cacheMisses":null,"transientRetries":null,"minVideoFrameCoverageRatio":null,"authoredTimedClipCount":2}
[INFO] [Render] No HDR sources detected — rendering SDR {"renderJobId":"ab8d8641-c7aa-4b33-8539-21f802aa02cd"}
[INFO] [Render:trace] {"renderJobId":"ab8d8641-c7aa-4b33-8539-21f802aa02cd","phase":"hdr_detection","status":"checkpoint","elapsedMs":1050,"message":"resolved","requestedHdrMode":"auto","effectiveHdr":"sdr","nativeHdrVideoCount":0,"nativeHdrImageCount":0}
[INFO] [Render:trace] {"renderJobId":"ab8d8641-c7aa-4b33-8539-21f802aa02cd","phase":"audio_process","status":"start","elapsedMs":1050,"audioCount":0}
[INFO] [Render:trace] {"renderJobId":"ab8d8641-c7aa-4b33-8539-21f802aa02cd","phase":"audio_process","status":"end","elapsedMs":1050,"durationMs":0,"audioCount":0}
  █████░░░░░░░░░░░░░░░░░░░░  20%  Processing audio tracks
[INFO] [Render:trace] {"renderJobId":"ab8d8641-c7aa-4b33-8539-21f802aa02cd","phase":"file_server","status":"start","elapsedMs":1050,"reused":false}
  ██████░░░░░░░░░░░░░░░░░░░  25%  Starting frame capture
[INFO] [Render:trace] {"renderJobId":"ab8d8641-c7aa-4b33-8539-21f802aa02cd","phase":"file_server","status":"end","elapsedMs":1053,"durationMs":3}
[hyperframes] browserGpuMode probe → hardware (WebGL renderer vendor="Google Inc. (Apple)" renderer="ANGLE (Apple, ANGLE Metal Renderer: Apple M4, Unspecified Version)")
[INFO] [Render:trace] {"renderJobId":"ab8d8641-c7aa-4b33-8539-21f802aa02cd","phase":"capture_calibration","status":"start","elapsedMs":1189,"stagePhase":"calibrating","forceScreenshot":false,"totalFrames":420,"framesCompleted":0,"captureMode":"beginframe","captureOperation":"beginFrame"}
[INFO] [Render] Calibration config {"renderJobId":"ab8d8641-c7aa-4b33-8539-21f802aa02cd","protocolTimeout":30000,"parentProtocolTimeout":300000,"forceScreenshot":false,"totalFrames":420}
[INFO] Launching browser for capture calibration... {"renderJobId":"ab8d8641-c7aa-4b33-8539-21f802aa02cd"}
[BrowserManager] Browser launched (HeadlessChrome/152.0.7977.30, screenshot, gl=--use-gl=angle --use-angle=metal, headlessShell=true, platform=darwin)
[INFO] Initializing calibration session... {"renderJobId":"ab8d8641-c7aa-4b33-8539-21f802aa02cd"}
[initSession:screenshot] page.goto start (0ms)
[HyperFrames] render runtime fps [object Object]
[initSession:screenshot] page.goto complete (187ms)
[initSession:screenshot] GSAP proxy flush complete (188ms)
[initSession:screenshot] pollHfReady complete (189ms)
[initSession:screenshot] pollSubCompositionTimelines complete (ready) (190ms)
[initSession:screenshot] applyVideoMetadataHints complete (190ms)
[initSession:screenshot] media + fonts + tailwind ready (191ms)
[initSession:screenshot] static-frame dedup: disabled (running CSS/WAAPI animation) (194ms)
[INFO] Calibration session ready, capturing test frames... {"renderJobId":"ab8d8641-c7aa-4b33-8539-21f802aa02cd"}
[INFO] Calibration: capturing test frame 1/5... {"renderJobId":"ab8d8641-c7aa-4b33-8539-21f802aa02cd"}
[INFO] Calibration: capturing test frame 2/5... {"renderJobId":"ab8d8641-c7aa-4b33-8539-21f802aa02cd"}
[INFO] Calibration: capturing test frame 3/5... {"renderJobId":"ab8d8641-c7aa-4b33-8539-21f802aa02cd"}
[INFO] Calibration: capturing test frame 4/5... {"renderJobId":"ab8d8641-c7aa-4b33-8539-21f802aa02cd"}
[INFO] Calibration: capturing test frame 5/5... {"renderJobId":"ab8d8641-c7aa-4b33-8539-21f802aa02cd"}
[INFO] Calibration complete, estimated cost: 50ms/frame (p95) {"renderJobId":"ab8d8641-c7aa-4b33-8539-21f802aa02cd"}
[INFO] [Render:trace] {"renderJobId":"ab8d8641-c7aa-4b33-8539-21f802aa02cd","phase":"capture_calibration","status":"end","elapsedMs":1758,"durationMs":568,"stagePhase":"calibrating","forceScreenshot":false,"totalFrames":420,"framesCompleted":0,"captureMode":"beginframe","captureOperation":"beginFrame"}
[INFO] [Render:trace] {"renderJobId":"ab8d8641-c7aa-4b33-8539-21f802aa02cd","phase":"capture_calibration","status":"checkpoint","elapsedMs":1758,"message":"resolved","forceScreenshot":false,"multiplier":1,"p95Ms":50}
[INFO] [Render:trace] {"renderJobId":"ab8d8641-c7aa-4b33-8539-21f802aa02cd","phase":"worker_resolution","status":"checkpoint","elapsedMs":1758,"message":"resolved","workerCount":4}
[INFO] streaming-encode gate {"renderJobId":"ab8d8641-c7aa-4b33-8539-21f802aa02cd","enabled":false,"configFlag":true,"outputFormat":"mp4","workerCount":4,"durationSeconds":14,"maxDurationSeconds":240}
[INFO] [Render:trace] {"renderJobId":"ab8d8641-c7aa-4b33-8539-21f802aa02cd","phase":"capture_strategy","status":"checkpoint","elapsedMs":1759,"message":"resolved","workerCount":4,"forceScreenshot":false,"captureBeyondViewport":null,"useStreamingEncode":false,"useLayeredComposite":false,"usePageSideCompositing":false,"hasHdrContent":false,"hasShaderTransitions":false,"isPngSequence":false}
[INFO] [Render:trace] {"renderJobId":"ab8d8641-c7aa-4b33-8539-21f802aa02cd","phase":"capture_disk","status":"start","elapsedMs":1759,"stagePhase":"capturing","needsAlpha":false,"workerCount":4,"forceScreenshot":false,"totalFrames":420,"framesCompleted":0,"captureMode":"beginframe","captureOperation":"beginFrame"}
[BrowserManager] Browser launched (HeadlessChrome/152.0.7977.30, screenshot, gl=--use-gl=angle --use-angle=metal, headlessShell=true, platform=darwin)
[initSession:screenshot] page.goto start (0ms)
[initSession:screenshot] page.goto start (0ms)
[initSession:screenshot] page.goto start (0ms)
[initSession:screenshot] page.goto start (0ms)
[HyperFrames] render runtime fps [object Object]
[HyperFrames] render runtime fps [object Object]
[HyperFrames] render runtime fps [object Object]
[initSession:screenshot] page.goto complete (95ms)
[initSession:screenshot] page.goto complete (204ms)
[initSession:screenshot] page.goto complete (205ms)
[HyperFrames] render runtime fps [object Object]
[initSession:screenshot] GSAP proxy flush complete (208ms)
[initSession:screenshot] GSAP proxy flush complete (208ms)
[initSession:screenshot] GSAP proxy flush complete (208ms)
[initSession:screenshot] pollHfReady complete (209ms)
[initSession:screenshot] pollHfReady complete (209ms)
[initSession:screenshot] pollHfReady complete (209ms)
[initSession:screenshot] pollSubCompositionTimelines complete (ready) (210ms)
[initSession:screenshot] applyVideoMetadataHints complete (210ms)
[initSession:screenshot] pollSubCompositionTimelines complete (ready) (211ms)
[initSession:screenshot] applyVideoMetadataHints complete (211ms)
[initSession:screenshot] pollSubCompositionTimelines complete (ready) (211ms)
[initSession:screenshot] applyVideoMetadataHints complete (211ms)
[initSession:screenshot] media + fonts + tailwind ready (212ms)
[initSession:screenshot] media + fonts + tailwind ready (212ms)
[initSession:screenshot] media + fonts + tailwind ready (212ms)
[initSession:screenshot] static-frame dedup: disabled (running CSS/WAAPI animation) (214ms)
[initSession:screenshot] static-frame dedup: disabled (running CSS/WAAPI animation) (214ms)
[initSession:screenshot] static-frame dedup: disabled (running CSS/WAAPI animation) (214ms)
[initSession:screenshot] page.goto complete (220ms)
[initSession:screenshot] GSAP proxy flush complete (225ms)
[initSession:screenshot] pollHfReady complete (226ms)
[initSession:screenshot] pollSubCompositionTimelines complete (ready) (226ms)
[initSession:screenshot] applyVideoMetadataHints complete (226ms)
[initSession:screenshot] media + fonts + tailwind ready (227ms)
[initSession:screenshot] static-frame dedup: disabled (running CSS/WAAPI animation) (228ms)
  ███████░░░░░░░░░░░░░░░░░░  28%  Capturing frame 30/420 (4 workers)
  ███████░░░░░░░░░░░░░░░░░░  31%  Capturing frame 60/420 (4 workers)
  ████████░░░░░░░░░░░░░░░░░  35%  Capturing frame 90/420 (4 workers)
  █████████░░░░░░░░░░░░░░░░  38%  Capturing frame 120/420 (4 workers)
  ██████████░░░░░░░░░░░░░░░  41%  Capturing frame 150/420 (4 workers)
  ███████████░░░░░░░░░░░░░░  44%  Capturing frame 180/420 (4 workers)
  ████████████░░░░░░░░░░░░░  48%  Capturing frame 210/420 (4 workers)
  ████████████░░░░░░░░░░░░░  51%  Capturing frame 240/420 (4 workers)
  █████████████░░░░░░░░░░░░  54%  Capturing frame 270/420 (4 workers)
  ██████████████░░░░░░░░░░░  57%  Capturing frame 300/420 (4 workers)
  ███████████████░░░░░░░░░░  60%  Capturing frame 330/420 (4 workers)
  ████████████████░░░░░░░░░  64%  Capturing frame 360/420 (4 workers)
  ████████████████░░░░░░░░░  67%  Capturing frame 390/420 (4 workers)
  █████████████████░░░░░░░░  70%  Capturing frame 420/420 (4 workers)
[INFO] [Render:trace] {"renderJobId":"ab8d8641-c7aa-4b33-8539-21f802aa02cd","phase":"capture_disk","status":"end","elapsedMs":7306,"durationMs":5547,"stagePhase":"capturing","needsAlpha":false,"workerCount":4,"forceScreenshot":false,"totalFrames":420,"framesCompleted":420,"captureMode":"beginframe","captureOperation":"encode"}
[INFO] [Render:trace] {"renderJobId":"ab8d8641-c7aa-4b33-8539-21f802aa02cd","phase":"encode","status":"start","elapsedMs":7306,"stagePhase":"capturing","hasAudio":false,"isPngSequence":false,"isGif":false,"chunkedEncode":false,"workerCount":4,"forceScreenshot":false,"totalFrames":420,"framesCompleted":420,"captureMode":"beginframe","captureOperation":"encode"}
  ██████████████████░░░░░░░  75%  Encoding video
[INFO] [Render:trace] {"renderJobId":"ab8d8641-c7aa-4b33-8539-21f802aa02cd","phase":"encode","status":"end","elapsedMs":9462,"durationMs":2156,"stagePhase":"capturing","hasAudio":false,"isPngSequence":false,"isGif":false,"chunkedEncode":false,"workerCount":4,"forceScreenshot":false,"totalFrames":420,"framesCompleted":420,"captureMode":"beginframe","captureOperation":"encode"}
[INFO] [Render:trace] {"renderJobId":"ab8d8641-c7aa-4b33-8539-21f802aa02cd","phase":"assemble","status":"start","elapsedMs":9462,"stagePhase":"capturing","hasAudio":false,"workerCount":4,"forceScreenshot":false,"totalFrames":420,"framesCompleted":420,"captureMode":"beginframe","captureOperation":"encode"}
  ██████████████████████░░░  90%  Assembling final video
[INFO] [Render:trace] {"renderJobId":"ab8d8641-c7aa-4b33-8539-21f802aa02cd","phase":"assemble","status":"end","elapsedMs":9517,"durationMs":55,"stagePhase":"capturing","hasAudio":false,"workerCount":4,"forceScreenshot":false,"totalFrames":420,"framesCompleted":420,"captureMode":"beginframe","captureOperation":"encode"}
[INFO] [Render:trace] {"renderJobId":"ab8d8641-c7aa-4b33-8539-21f802aa02cd","phase":"pipeline","status":"checkpoint","elapsedMs":9561,"message":"artifact validated","totalElapsedMs":9559}
  █████████████████████████  100%  Render complete

◇  /Users/bliss/fixter2025/docs/eve-tutorial/cards/05-easybits/renders/05-easybits_2026-09-17_10-18-51.mp4
   540.1 KB · 14.0s video · rendered in 9.6s
